ASxxxx Linker V03.00 + NoICE + sdld,  page 1.
Hexadecimal  [32-Bits]

Area                                    Addr        Size        Decimal Bytes (Attributes)
--------------------------------        ----        ----        ------- ----- ------------
.  .ABS.                            00000000    00000000 =           0. bytes (ABS,CON)

      Value  Global                              Global Defined In Module
      -----  --------------------------------   ------------------------
     00000000  .__.ABS.                           
     00000000  _g_SUBRID                          exsoccer_s23_b2
     00000000  l__BSEG                         
     00000000  l__BSS                          
     00000000  l__CABS                         
     00000000  l__DABS                         
     00000000  l__DRIVER                       
     00000000  l__GSFINAL                      
     00000000  l__HEADER                       
     00000000  l__HEADER0                      
     00000000  l__HEAP                         
     00000000  l__RODATA                       
     00000000  s__CABS                         
     00000000  s__DABS                         
     00000000  s__DRIVER                       
     00000000  s__DRIVER1                      
     00000000  s__HEADER                       
     00000000  s__HEADER0                      
     00000002  _g_STRSRC                          exsoccer_s23_b2
     00000004  _g_CGTABL                          print
     00000006  _g_VDP_DR                          print
     00000007  _g_VDP_DW                          print
     0000002B  _g_BASRVN                          print
     0000002B  _g_ROMVersion                      print
     0000002D  _g_MSXVER                          print
     0000002E  _g_MSXMID                          print
     00000034  _g_CHAR_16                         print
     00000034  l__DRIVER1                      
     00000049  l__GSINIT                       
     00000061  l__INITIALIZED                  
     00000061  l__INITIALIZER                  
     000001F5  l__HOME                         
     00000604  l__SEG10                        
     000009DF  l__SEG23                        
     00001030  l__SEG17                        
     00001060  l__SEG19                        
     00001213  l__DATA                         
     00001C34  l__SEG30                        
     000021C0  l__SEG38                        
     0000221A  l__SEG15                        
     00002713  l__SEG31                        
     000028A4  l__SEG32                        
     000028F4  l__SEG37                        
     00002C18  l__SEG2                         
     00003320  l__SEG36                        
     00003463  l__CODE                         
     0000359A  l__SEG34                        
     0000376A  l__SEG35                        
     00003870  l__SEG1                         
     00003BC2  l__SEG39                        
ASxxxx Linker V03.00 + NoICE + sdld,  page 2.
Hexadecimal  [32-Bits]

Area                                    Addr        Size        Decimal Bytes (Attributes)
--------------------------------        ----        ----        ------- ----- ------------
.  .ABS.                            00000000    00000000 =           0. bytes (ABS,CON)

      Value  Global                              Global Defined In Module
      -----  --------------------------------   ------------------------
     00003C00  l__SEG6                         
     00003CE2  l__SEG22                        
     00003DB0  l__SEG33                        
     00004000  l__SEG11                        
     00004000  l__SEG12                        
     00004000  l__SEG13                        
     00004000  l__SEG14                        
     00004000  l__SEG16                        
     00004000  l__SEG18                        
     00004000  l__SEG20                        
     00004000  l__SEG21                        
     00004000  l__SEG3                         
     00004000  l__SEG4                         
     00004000  l__SEG5                         
     00004000  l__SEG7                         
     00004000  l__SEG8                         
     00004000  l__SEG9                         
     00004000  s__CODE                         
     00007463  s__HOME                         
     00007658  s__INITIALIZER                  
     00007658  s__RODATA                       
     000076B9  s__GSINIT                       
     00007702  s__GSFINAL                      
     0000C000  s__DATA                         
     0000D213  s__INITIALIZED                  
     0000D274  s__BSEG                         
     0000D274  s__BSS                          
     0000D274  s__HEAP                         
     0000F30F  _g_KANJTABLE                       exsoccer_s23_b2
     0000F323  _g_DISKVE                          exsoccer_s23_b2
     0000F325  _g_BREAKV                          exsoccer_s23_b2
     0000F341  _g_RAMAD0                          exsoccer_s23_b2
     0000F342  _g_RAMAD1                          exsoccer_s23_b2
     0000F343  _g_RAMAD2                          exsoccer_s23_b2
     0000F344  _g_RAMAD3                          exsoccer_s23_b2
     0000F348  _g_MASTER                          exsoccer_s23_b2
     0000F37D  _g_BDOS                            exsoccer_s23_b2
     0000F380  _g_RDPRIM                          print
     0000F385  _g_WRPRIM                          print
     0000F38C  _g_CLPRIM                          print
     0000F39A  _g_USRTAB                          print
     0000F3AE  _g_LINL40                          print
     0000F3AF  _g_LINL32                          print
     0000F3B0  _g_LINLEN                          print
     0000F3B1  _g_CRTCNT                          print
     0000F3B2  _g_CLMLST                          print
     0000F3B3  _g_TXTNAM                          print
     0000F3B5  _g_TXTCOL                          print
     0000F3B7  _g_TXTCGP                          print
     0000F3B9  _g_TXTATR                          print
     0000F3BB  _g_TXTPAT                          print
ASxxxx Linker V03.00 + NoICE + sdld,  page 3.
Hexadecimal  [32-Bits]

Area                                    Addr        Size        Decimal Bytes (Attributes)
--------------------------------        ----        ----        ------- ----- ------------
.  .ABS.                            00000000    00000000 =           0. bytes (ABS,CON)

      Value  Global                              Global Defined In Module
      -----  --------------------------------   ------------------------
     0000F3BD  _g_T32NAM                          print
     0000F3BF  _g_T32COL                          print
     0000F3C1  _g_T32CGP                          print
     0000F3C3  _g_T32ATR                          print
     0000F3C5  _g_T32PAT                          print
     0000F3C7  _g_GRPNAM                          print
     0000F3C9  _g_GRPCOL                          print
     0000F3CB  _g_GRPCGP                          print
     0000F3CD  _g_GRPATR                          print
     0000F3CF  _g_GRPPAT                          print
     0000F3D1  _g_MLTNAM                          print
     0000F3D3  _g_MLTCOL                          print
     0000F3D5  _g_MLTCGP                          print
     0000F3D7  _g_MLTATR                          print
     0000F3D9  _g_MLTPAT                          print
     0000F3DB  _g_CLIKSW                          print
     0000F3DC  _g_CSRY                            print
     0000F3DD  _g_CSRX                            print
     0000F3DE  _g_CNSDFG                          print
     0000F3DF  _g_RG0SAV                          print
     0000F3E0  _g_RG1SAV                          print
     0000F3E1  _g_RG2SAV                          print
     0000F3E2  _g_RG3SAV                          print
     0000F3E3  _g_RG4SAV                          print
     0000F3E4  _g_RG5SAV                          print
     0000F3E5  _g_RG6SAV                          print
     0000F3E6  _g_RG7SAV                          print
     0000F3E7  _g_STATFL                          print
     0000F3E8  _g_TRGFLG                          print
     0000F3E9  _g_FORCLR                          print
     0000F3EA  _g_BAKCLR                          print
     0000F3EB  _g_BDRCLR                          print
     0000F3EC  _g_MAXUPD                          print
     0000F3EF  _g_MINUPD                          print
     0000F3F2  _g_ATRBYT                          print
     0000F3F3  _g_QUEUES                          print
     0000F3F5  _g_FRCNEW                          print
     0000F3F6  _g_SCNCNT                          print
     0000F3F7  _g_REPCNT                          print
     0000F3F8  _g_PUTPNT                          print
     0000F3FA  _g_GETPNT                          print
     0000F3FC  _g_CS120                           print
     0000F401  _g_CS240                           print
     0000F406  _g_LOW                             print
     0000F408  _g_HIGH                            print
     0000F40A  _g_HEADER                          print
     0000F40B  _g_ASPCT1                          print
     0000F40D  _g_ASPCT2                          print
     0000F87F  _g_FNKSTR                          print
     0000F92A  _g_CLOC                            print
     0000F92C  _g_CMASK                           print
ASxxxx Linker V03.00 + NoICE + sdld,  page 4.
Hexadecimal  [32-Bits]

Area                                    Addr        Size        Decimal Bytes (Attributes)
--------------------------------        ----        ----        ------- ----- ------------
.  .ABS.                            00000000    00000000 =           0. bytes (ABS,CON)

      Value  Global                              Global Defined In Module
      -----  --------------------------------   ------------------------
     0000F959  _g_QUETAB                          print
     0000F971  _g_QUEBAK                          print
     0000F975  _g_VOICAQ                          print
     0000F9F5  _g_VOICBQ                          print
     0000FA75  _g_VOICCQ                          print
     0000FAF5  _g_DPPAGE                          print
     0000FAF5  _g_RS2IQ                           print
     0000FAF6  _g_ACPAGE                          print
     0000FAF7  _g_AVCSAV                          print
     0000FAF8  _g_EXBRSA                          print
     0000FAF9  _g_CHRCNT                          print
     0000FAFA  _g_ROMA                            print
     0000FAFC  _g_MODE                            print
     0000FAFD  _g_NORUSE                          print
     0000FAFE  _g_XSAVE                           print
     0000FB00  _g_YSAVE                           print
     0000FB02  _g_LOGOPR                          print
     0000FB03  _g_RSTMP                           print
     0000FB03  _g_TOCNT                           print
     0000FB04  _g_RSFCB                           print
     0000FB06  _g_RSIQLN                          print
     0000FB07  _g_MEXBIh                          print
     0000FB0C  _g_OLDINT                          print
     0000FB0C  _g_OLDSTT                          print
     0000FB16  _g_DEVNUM                          print
     0000FB17  _g_DATCNT                          print
     0000FB1A  _g_ERRORS                          print
     0000FB1B  _g_FLAGS                           print
     0000FB1C  _g_ESTBLS                          print
     0000FB1D  _g_COMMSK                          print
     0000FB1E  _g_LSTCOM                          print
     0000FB1F  _g_LSTMOD                          print
     0000FB35  _g_PRSCNT                          print
     0000FB36  _g_SAVSP                           print
     0000FB38  _g_VOICEN                          print
     0000FB39  _g_SAVVOL                          print
     0000FB3B  _g_MCLLEN                          print
     0000FB3C  _g_MCLPTR                          print
     0000FB3E  _g_QUEUEN                          print
     0000FB3F  _g_MUSICF                          print
     0000FB40  _g_PLYCNT                          print
     0000FB41  _g_VCBA                            print
     0000FB66  _g_VCBB                            print
     0000FB8B  _g_VCBC                            print
     0000FBB0  _g_ENSTOP                          print
     0000FBB1  _g_BASROM                          print
     0000FBB2  _g_LINTTB                          print
     0000FBCA  _g_FSTPOS                          print
     0000FBCC  _g_CODSAV                          print
     0000FBCD  _g_FNKSWI                          print
     0000FBCE  _g_FNKFLG                          print
ASxxxx Linker V03.00 + NoICE + sdld,  page 5.
Hexadecimal  [32-Bits]

Area                                    Addr        Size        Decimal Bytes (Attributes)
--------------------------------        ----        ----        ------- ----- ------------
.  .ABS.                            00000000    00000000 =           0. bytes (ABS,CON)

      Value  Global                              Global Defined In Module
      -----  --------------------------------   ------------------------
     0000FBD8  _g_ONGSBF                          print
     0000FBD9  _g_CLIKFL                          print
     0000FBDA  _g_OLDKEY                          print
     0000FBE5  _g_NEWKEY                          print
     0000FBF0  _g_KEYBUF                          print
     0000FC18  _g_LINWRK                          print
     0000FC40  _g_PATWRK                          print
     0000FC48  _g_BOTTOM                          print
     0000FC4A  _g_HIMEM                           print
     0000FC4C  _g_TRPTBL                          print
     0000FC9A  _g_RTYCNT                          print
     0000FC9B  _g_INTFLG                          print
     0000FC9C  _g_PADY                            print
     0000FC9D  _g_PADX                            print
     0000FC9E  _g_JIFFY                           print
     0000FCA0  _g_INTVAL                          print
     0000FCA2  _g_INTCNT                          print
     0000FCA4  _g_LOWLIM                          print
     0000FCA5  _g_WINWID                          print
     0000FCA6  _g_GRPHED                          print
     0000FCA7  _g_ESCCNT                          print
     0000FCA8  _g_INSFLG                          print
     0000FCA9  _g_CSRSW                           print
     0000FCAA  _g_CSTYLE                          print
     0000FCAB  _g_CAPST                           print
     0000FCAC  _g_KANAST                          print
     0000FCAD  _g_KANAMD                          print
     0000FCAE  _g_FLBMEM                          print
     0000FCAF  _g_SCRMOD                          print
     0000FCB0  _g_OLDSCR                          print
     0000FCB1  _g_CASPRV                          print
     0000FCB2  _g_BRDATR                          print
     0000FCB3  _g_GXPOS                           print
     0000FCB5  _g_GYPOS                           print
     0000FCB7  _g_GRPACX                          print
     0000FCB9  _g_GRPACY                          print
     0000FCBB  _g_DRWFLG                          print
     0000FCBC  _g_DRWSCL                          print
     0000FCBD  _g_DRWANG                          print
     0000FCC1  _g_EXPTBL                          print
     0000FCC1  _g_MNROM                           print
     0000FCC5  _g_SLTTBL                          print
     0000FCC9  _g_SLTATR                          print
     0000FD09  _g_SLTWRK                          print
     0000FD89  _g_PROCNM                          print
     0000FFE7  _g_RG08SAV                         print
     0000FFE8  _g_RG09SAV                         print
     0000FFE9  _g_RG10SAV                         print
     0000FFEA  _g_RG11SAV                         print
     0000FFEB  _g_RG12SAV                         print
     0000FFEC  _g_RG13SAV                         print
ASxxxx Linker V03.00 + NoICE + sdld,  page 6.
Hexadecimal  [32-Bits]

Area                                    Addr        Size        Decimal Bytes (Attributes)
--------------------------------        ----        ----        ------- ----- ------------
.  .ABS.                            00000000    00000000 =           0. bytes (ABS,CON)

      Value  Global                              Global Defined In Module
      -----  --------------------------------   ------------------------
     0000FFED  _g_RG14SAV                         print
     0000FFEE  _g_RG15SAV                         print
     0000FFEF  _g_RG16SAV                         print
     0000FFF0  _g_RG17SAV                         print
     0000FFF1  _g_RG18SAV                         print
     0000FFF2  _g_RG19SAV                         print
     0000FFF3  _g_RG20SAV                         print
     0000FFF4  _g_RG21SAV                         print
     0000FFF5  _g_RG22SAV                         print
     0000FFF6  _g_RG23SAV                         print
     0000FFF7  _g_MINROM                          print
     0000FFF8  _g_SVFFF8                          print
     0000FFFA  _g_RG25SAV                         print
     0000FFFB  _g_RG26SAV                         print
     0000FFFC  _g_RG27SAV                         print
     0000FFFD  _g_SVFFFD                          print
     0000FFFF  _g_SLTSL                           print
     00018000  s__SEG1                         
     00020100  s__SEG2                         
     00038000  s__SEG3                         
     00048000  s__SEG4                         
     00058000  s__SEG5                         
     00068000  s__SEG6                         
     00078000  s__SEG7                         
     00088000  s__SEG8                         
     00098000  s__SEG9                         
     000A8000  s__SEG10                        
     000B8000  s__SEG11                        
     000C8000  s__SEG12                        
     000D8000  s__SEG13                        
     000E8000  s__SEG14                        
     000F8000  s__SEG15                        
     00108000  s__SEG16                        
     00118000  s__SEG17                        
     00128000  s__SEG18                        
     00138000  s__SEG19                        
     00148000  s__SEG20                        
     00158000  s__SEG21                        
     00168000  s__SEG22                        
     00178000  s__SEG23                        
     001E8000  s__SEG30                        
     001F8000  s__SEG31                        
     00208000  s__SEG32                        
     00218000  s__SEG33                        
     00228000  s__SEG34                        
     00238000  s__SEG35                        
     00248000  s__SEG36                        
     00258000  s__SEG37                        
     00268000  s__SEG38                        
     00278000  s__SEG39                        

ASxxxx Linker V03.00 + NoICE + sdld,  page 7.
Hexadecimal  [32-Bits]

Area                                    Addr        Size        Decimal Bytes (Attributes)
--------------------------------        ----        ----        ------- ----- ------------
_CODE                               00004000    00003463 =       13411. bytes (REL,CON)

      Value  Global                              Global Defined In Module
      -----  --------------------------------   ------------------------
     00004000  _g_FirstAddr                       crt0
     00004000  _g_HeaderAddr                      crt0
     00004000  crt0_rom_header                    crt0
     00004018  _g_AppSignature                    crt0
     00004037  crt0_p1_to_p02                     crt0
     00004096  _PlayPcm                           exsoccer
     000041C1  _g_TeamStats                       exsoccer
     000041DF  _UpdateV9990                       exsoccer
     000041E2  _InitVariables                     exsoccer
     000041FC  _WaitV9990Synch                    exsoccer
     0000421A  _LoadP1LayerA                      exsoccer
     00004291  _LoadP1LayerB                      exsoccer
     0000432B  _ShowField                         exsoccer
     00004388  _V9_InterruptHBlank                exsoccer
     00004389  _V9_InterruptVBlank                exsoccer
     000044AA  _PutPonPonGirlSprite               exsoccer
     00004547  _V9_InterruptCommand               exsoccer
     00004548  _GameStart                         exsoccer
     000045CA  _V9_PrintLayerAStringAtPos         exsoccer
     000045F5  _TickActiveFieldZone               exsoccer
     00004655  _TickUpdateTime                    exsoccer
     00004687  _GetOffsideLineY                   exsoccer
     00004768  _PutBallOnPlayerFeet               exsoccer
     00004C6F  _InitializeV9990                   exsoccer
     00004CA3  _TickShotCursor                    exsoccer
     00004DA4  _LoadSprites                       exsoccer
     00004DE9  _TickGoalCelebration               exsoccer
     000051C5  _main                              exsoccer
     000052F7  _MainGameLoop                      exsoccer
     00005494  _UpdatePlayerPatternByDirection    exsoccer
     0000555B  _GetNoMovingPlayerPatternId        exsoccer
     000055B3  _GetNewPoseByDirection             exsoccer
     00005606  _GetPatternIdByPoseAndDirection    exsoccer
     0000565C  _SetPlayerTarget                   exsoccer
     00005809  _GetTeamStats                      exsoccer
     00005820  _IsOffside                         exsoccer
     00005917  _PerformPass                       exsoccer
     00005CDB  _SetPlayerBallPossession           exsoccer
     00005D19  _V9_SetPort                        v9990
     00005D1D  _V9_GetPort                        v9990
     00005D21  _V9_SetRegister                    v9990
     00005D29  _V9_SetRegister16                  v9990
     00005D35  _V9_GetRegister                    v9990
     00005D3C  _V9_Detect                         v9990
     00005D52  _V9_SetScreenMode                  v9990
     00005D83  _g_V9_ModeConfig                   v9990
     00005DA1  _g_V9_ColorConfig                  v9990
     00005DB3  _V9_SetColorMode                   v9990
     00005DDD  _V9_SetScrollingY                  v9990
     00005DF6  _V9_SetScrollingX                  v9990
ASxxxx Linker V03.00 + NoICE + sdld,  page 8.
Hexadecimal  [32-Bits]

Area                                    Addr        Size        Decimal Bytes (Attributes)
--------------------------------        ----        ----        ------- ----- ------------
_CODE                               00004000    00003463 =       13411. bytes (REL,CON)

      Value  Global                              Global Defined In Module
      -----  --------------------------------   ------------------------
     00005E12  _V9_SetScrollingBY                 v9990
     00005E2B  _V9_SetScrollingBX                 v9990
     00005E47  _V9_ClearVRAM                      v9990
     00005E6B  _V9_SetWriteAddress                v9990
     00005E78  _V9_SetReadAddress                 v9990
     00005E86  _V9_Peek_CurrentAddr               v9990
     00005E8A  _V9_Peek16_CurrentAddr             v9990
     00005E92  _V9_Poke_CurrentAddr               v9990
     00005E96  _V9_Poke16_CurrentAddr             v9990
     00005E9E  _V9_FillVRAM_CurrentAddr           v9990
     00005EAB  _V9_FillVRAM16_CurrentAddr         v9990
     00005EBC  _V9_WriteVRAM_CurrentAddr          v9990
     00005EC9  _V9_ReadVRAM_CurrentAddr           v9990
     00005ED6  _V9_SetPaletteEntry                v9990
     00005EF0  _V9_SetCursorAttribute             v9990
     00005F75  _V9_SetCursorDisplay               v9990
     00005FB2  _PCM_Reset                         pcmenc
     00005FE0  _PCM_Play_8K                       pcmenc
     0000605F  _PCM_Play_11K                      pcmenc
     000060CD  _PCM_Play_22K                      pcmenc
     0000613E  _PCM_Play_44K                      pcmenc
     000061A2  __divuchar                         
     000061A4  __divu8                            
     000061A7  __divu16                           
     000061A7  __divuint                          
     000061D6  _VDP_SetModeFlag                   vdp
     000061FF  _VDP_SetModeText1                  vdp
     00006210  _VDP_SetModeMultiColor             vdp
     0000622D  _VDP_SetModeGraphic1               vdp
     0000624F  _VDP_SetModeGraphic2               vdp
     00006272  _VDP_ClearVRAM                     vdp
     0000627E  _VDP_WriteVRAM_16K                 vdp
     000062A7  _VDP_FillVRAM_16K                  vdp
     000062C6  _VDP_ReadVRAM_16K                  vdp
     000062EE  _VDP_Peek_16K                      vdp
     000062FC  _VDP_Poke_16K                      vdp
     0000630E  _VDP_Initialize                    vdp
     0000631F  _VDP_SetMode                       vdp
     0000636F  _VDP_GetVersion                    vdp
     000063BE  _VDP_RegWrite                      vdp
     000063CA  _VDP_RegWriteBak                   vdp
     000063DD  _VDP_RegWriteBakMask               vdp
     000063FC  _VDP_ReadDefaultStatus             vdp
     000063FF  _VDP_SetLayoutTable                vdp
     0000640F  _VDP_SetColorTable                 vdp
     0000643C  _VDP_SetPatternTable               vdp
     00006459  _VDP_SetSpriteAttributeTable       vdp
     0000648A  _VDP_SetSpritePatternTable         vdp
     0000649B  _VDP_LoadSpritePattern             vdp
     000064C6  _VDP_SetSpriteSM1                  vdp
     00006504  _VDP_SetSprite                     vdp
ASxxxx Linker V03.00 + NoICE + sdld,  page 9.
Hexadecimal  [32-Bits]

Area                                    Addr        Size        Decimal Bytes (Attributes)
--------------------------------        ----        ----        ------- ----- ------------
_CODE                               00004000    00003463 =       13411. bytes (REL,CON)

      Value  Global                              Global Defined In Module
      -----  --------------------------------   ------------------------
     0000653A  _VDP_SetSpritePosition             vdp
     00006569  _VDP_SetSpritePositionX            vdp
     0000657B  _VDP_SetSpritePositionY            vdp
     0000658C  _VDP_SetSpritePattern              vdp
     0000659F  _VDP_SetSpriteColorSM1             vdp
     000065B3  _VDP_DisableSpritesFrom            vdp
     000065BA  _VDP_LoadPattern_GM2               vdp
     00006611  _VDP_LoadColor_GM2                 vdp
     00006668  _VDP_WriteLayout_GM2               vdp
     000066BD  _VDP_FillLayout_GM2                vdp
     000066FF  _Input_Detect                      input
     0000671C  _Joystick_Read                     input
     00006731  _Keyboard_Read                     input
     0000673C  _Keyboard_IsKeyPressed             input
     00006767  __mulint                           
     00006769  __mul16                            
     0000677E  _DEBUG_INIT                        debug
     0000677F  _DEBUG_BREAK                       debug
     00006784  _DEBUG_ASSERT                      debug
     0000678A  _DEBUG_LOG                         debug
     00006798  _DEBUG_LOGNUM                      debug
     000067BE  _DEBUG_PRINT                       debug
     000067CD  _Print_Initialize                  print
     00006822  _g_HexChar                         print
     00006832  _Print_SetMode                     print
     00006848  _Print_SetFont                     print
     00006922  _Print_SetColor                    print
     000069A3  _Print_SetColorShade               print
     00006A1C  _Print_ValidateChar                print
     00006A68  _Print_ValidatePattern             print
     00006B37  _CopyNo8HeightFontData             print
     00006B92  _Print_SetTextFont                 print
     00006EAB  _DrawChar_Layout                   print
     00006EEF  _Print_Clear                       print
     00006F03  _Print_Backspace                   print
     00006F47  _Print_DrawChar                    print
     00006F7D  _Print_DrawCharX                   print
     00006F8F  _Print_DrawText                    print
     00006FCE  _Print_DrawBin8                    print
     00006FF1  _Print_DrawHex8                    print
     00007017  _Print_DrawHex16                   print
     00007022  _Print_DrawInt                     print
     000070AE  _Print_DrawFormat                  print
     000073C9  __modschar                         
     000073D1  __modsint                          
     000073D7  ___mulsint2slong                   u_16_16_mul
     00007405  ___muluint2ulong                   u_16_16_mul
     0000741C  __moduchar                         
     00007423  __moduint                          
     00007428  __divschar                         
     0000742A  __div8                             
ASxxxx Linker V03.00 + NoICE + sdld,  page 10.
Hexadecimal  [32-Bits]

Area                                    Addr        Size        Decimal Bytes (Attributes)
--------------------------------        ----        ----        ------- ----- ------------
_CODE                               00004000    00003463 =       13411. bytes (REL,CON)

      Value  Global                              Global Defined In Module
      -----  --------------------------------   ------------------------
     0000742E  __div_signexte                     
     00007432  __div16                            
     00007432  __divsint                          
     00007458  __get_remainder                    
     00007462  ___sdcc_call_hl                    

ASxxxx Linker V03.00 + NoICE + sdld,  page 11.
Hexadecimal  [32-Bits]

Area                                    Addr        Size        Decimal Bytes (Attributes)
--------------------------------        ----        ----        ------- ----- ------------
_HOME                               00007463    000001F5 =         501. bytes (REL,CON)

      Value  Global                              Global Defined In Module
      -----  --------------------------------   ------------------------
     00007463  __divslong                         _divslong
     000074F3  __divulong                         _divulong
     0000756D  __mullong                          _mullong
ASxxxx Linker V03.00 + NoICE + sdld,  page 12.
Hexadecimal  [32-Bits]

Area                                    Addr        Size        Decimal Bytes (Attributes)
--------------------------------        ----        ----        ------- ----- ------------
_INITIALIZER                        00007658    00000061 =          97. bytes (REL,CON)

      Value  Global                              Global Defined In Module
      -----  --------------------------------   ------------------------
ASxxxx Linker V03.00 + NoICE + sdld,  page 13.
Hexadecimal  [32-Bits]

Area                                    Addr        Size        Decimal Bytes (Attributes)
--------------------------------        ----        ----        ------- ----- ------------
_GSINIT                             000076B9    00000049 =          73. bytes (REL,CON)

      Value  Global                              Global Defined In Module
      -----  --------------------------------   ------------------------
ASxxxx Linker V03.00 + NoICE + sdld,  page 14.
Hexadecimal  [32-Bits]

Area                                    Addr        Size        Decimal Bytes (Attributes)
--------------------------------        ----        ----        ------- ----- ------------
_GSFINAL                            00007702    00000000 =           0. bytes (REL,CON)

      Value  Global                              Global Defined In Module
      -----  --------------------------------   ------------------------
     00007702  _g_LastAddr                        crt0

ASxxxx Linker V03.00 + NoICE + sdld,  page 15.
Hexadecimal  [32-Bits]

Area                                    Addr        Size        Decimal Bytes (Attributes)
--------------------------------        ----        ----        ------- ----- ------------
_DRIVER1                            00000000    00000034 =          52. bytes (ABS,CON)

      Value  Global                              Global Defined In Module
      -----  --------------------------------   ------------------------
     00020038  crt0_interrupt_start               crt0

ASxxxx Linker V03.00 + NoICE + sdld,  page 16.
Hexadecimal  [32-Bits]

Area                                    Addr        Size        Decimal Bytes (Attributes)
--------------------------------        ----        ----        ------- ----- ------------
_DATA                               0000C000    00001213 =        4627. bytes (REL,CON)

      Value  Global                              Global Defined In Module
      -----  --------------------------------   ------------------------
     0000C000  _g_HeapStartAddress                crt0
     0000C002  _g_ROMSlotID                       crt0
     0000C003  _g_VersionROM                      crt0
     0000C004  _g_VersionMSX                      crt0
     0000C005  _g_Bank0Segment                    crt0
     0000C007  _g_Bank1Segment                    crt0
     0000C009  _g_Bank2Segment                    crt0
     0000C009  _g_CurrentSegment                  crt0
     0000C00B  _g_RAM_MusicBuffer                 exsoccer
     0000D00B  _g_FrameCounter                    exsoccer
     0000D00D  _g_FieldScrollingActionInProgres   exsoccer
     0000D00E  _g_Team1PaletteId                  exsoccer
     0000D00F  _g_Team2PaletteId                  exsoccer
     0000D010  _g_Team1Score                      exsoccer
     0000D011  _g_Team2Score                      exsoccer
     0000D012  _g_Players                         exsoccer
     0000D14D  _g_PonPonGirls                     exsoccer
     0000D16B  _g_Ball                            exsoccer
     0000D189  _g_ActiveFieldZone                 exsoccer
     0000D18A  _g_RestartKickTeamId               exsoccer
     0000D18B  _g_SecondsToEndOfMatch             exsoccer
     0000D18C  _g_FioBre                          exsoccer
     0000D193  _g_FioBreText                      exsoccer_s2_b0
     0000D1A4  _g_VDP_REGSAV                      vdp
     0000D1C0  _g_VDP_Data                        vdp
     0000D1C2  _g_VDP_Command                     vdp
     0000D1D1  _g_VDP_Sprite                      vdp
     0000D1D5  _g_ScreenLayoutLow                 vdp
     0000D1D7  _g_ScreenColorLow                  vdp
     0000D1D9  _g_ScreenPatternLow                vdp
     0000D1DB  _g_SpriteAttributeLow              vdp
     0000D1DD  _g_SpritePatternLow                vdp
     0000D1DF  _g_SpriteColorLow                  vdp
     0000D1E1  _g_PrintData                       print

ASxxxx Linker V03.00 + NoICE + sdld,  page 17.
Hexadecimal  [32-Bits]

Area                                    Addr        Size        Decimal Bytes (Attributes)
--------------------------------        ----        ----        ------- ----- ------------
_INITIALIZED                        0000D213    00000061 =          97. bytes (REL,CON)

      Value  Global                              Global Defined In Module
      -----  --------------------------------   ------------------------
     0000D213  _g_PcmStartPlaying                 exsoccer
     0000D214  _g_PmcSoundPlaying                 exsoccer
     0000D215  _g_PonPonGirlsPos                  exsoccer
     0000D21B  _g_GirlPatterns                    exsoccer
     0000D224  _g_GkAnimTimer                     exsoccer
     0000D225  _g_GkAnimPlayerId                  exsoccer
     0000D226  _g_History1                        exsoccer
     0000D23A  _g_History2                        exsoccer
     0000D24E  _g_FieldCurrentYPosition           exsoccer
     0000D250  _g_PlayersPositioningPhaseCount    exsoccer
     0000D251  _g_MatchStatus                     exsoccer
     0000D252  _g_FieldScrollSpeed                exsoccer
     0000D253  _g_Timer                           exsoccer
     0000D254  _g_Team1ActivePlayer               exsoccer
     0000D255  _g_Team2ActivePlayer               exsoccer
     0000D256  _g_PassTargetPlayer                exsoccer
     0000D257  _g_GameWith2Players                exsoccer
     0000D258  _g_GameLevel                       exsoccer
     0000D259  _g_ActionCooldown                  exsoccer
     0000D25A  _g_ShootCooldown                   exsoccer
     0000D25B  _g_ShotCursorX                     exsoccer
     0000D25D  _g_ShotCursorDir                   exsoccer
     0000D25E  _g_GoalScorerId                    exsoccer
     0000D25F  _g_CornerKickSide                  exsoccer
     0000D260  _g_GoalKickSide                    exsoccer
     0000D261  _g_CornerKickTargetId              exsoccer
     0000D262  _g_ThrowInPlayerId                 exsoccer
     0000D263  _g_VSynch                          exsoccer
     0000D264  _g_GkRecoilY                       exsoccer
     0000D265  _g_GkIsGroundKick                  exsoccer
     0000D266  _g_ponPonPatternIndex              exsoccer
     0000D267  _g_PonPonGrilsPoseCounter          exsoccer
     0000D268  _g_peopleState                     exsoccer
     0000D269  _g_ponPonGirlsInitailized          exsoccer
     0000D26A  _g_ShowButtonsInfo                 exsoccer_s2_b0
     0000D26B  _g_VDPInitilized                   vdp
     0000D26C  _g_PrintInvalid                    print

ASxxxx Linker V03.00 + NoICE + sdld,  page 18.
Hexadecimal  [32-Bits]

Area                                    Addr        Size        Decimal Bytes (Attributes)
--------------------------------        ----        ----        ------- ----- ------------
_SEG1                               00018000    00003870 =       14448. bytes (REL,CON)

      Value  Global                              Global Defined In Module
      -----  --------------------------------   ------------------------
     00018000  _GoalKick                          exsoccer_s1_b2
     0001803D  _BallInGoal                        exsoccer_s1_b2
     000180BB  _GoalkeeperWithBall                exsoccer_s1_b2
     000182C4  _TickGoalkeeperAnimation           exsoccer_s1_b2
     000186C0  _GetBestPassTarget                 exsoccer_s1_b2
     00018AB0  _BallThrowIn                       exsoccer_s1_b2
     00018BCB  _CornerKick                        exsoccer_s1_b2
     00019008  _UpdatePassTarget                  exsoccer_s1_b2
     00019045  _TickGoalKick                      exsoccer_s1_b2
     00019572  _SpriteBlinking                    exsoccer_s1_b2
     00019656  _SetTeamsPresentationSpritesPosi   exsoccer_s1_b2
     000197B0  _TickCornerKick                    exsoccer_s1_b2
     0001A28D  _TickTeamJoystick                  exsoccer_s1_b2
     0001B02D  _TickBallCollision                 exsoccer_s1_b2
     0001B3FC  _HandleOffside                     exsoccer_s1_b2
     0001B441  _EnforcePenaltyBoxRestriction      exsoccer_s1_b2
     0001B4F3  _InitPalette                       exsoccer_s1_b2
     0001B558  _g_GameFieldLayerATilesPalette     exsoccer_s1_b2
     0001B588  _g_GameFieldLayerBTilesPalette     exsoccer_s1_b2
     0001B5B8  _g_Sprites1_palette_ita            exsoccer_s1_b2
     0001B5E8  _g_Sprites1_palette_aus            exsoccer_s1_b2
     0001B618  _g_Sprites1_palette_fra            exsoccer_s1_b2
     0001B648  _g_Sprites1_palette_ger            exsoccer_s1_b2
     0001B678  _g_Sprites1_palette_gbr            exsoccer_s1_b2
     0001B6A8  _g_Sprites1_palette_bra            exsoccer_s1_b2
     0001B6D8  _g_Sprites1_palette_fio            exsoccer_s1_b2
     0001B708  _TickTeamSelection                 exsoccer_s1_b2
     0001B70B  _SetTeam1Palette                   exsoccer_s1_b2
     0001B738  _SetTeam2Palette                   exsoccer_s1_b2
     0001B765  _GetTeamPaletteById                exsoccer_s1_b2
     0001B7AA  _TickShowKickOff                   exsoccer_s1_b2
     0001B84F  _ResetBallInfo                     exsoccer_s1_b2

ASxxxx Linker V03.00 + NoICE + sdld,  page 19.
Hexadecimal  [32-Bits]

Area                                    Addr        Size        Decimal Bytes (Attributes)
--------------------------------        ----        ----        ------- ----- ------------
_SEG2                               00020100    00002C18 =       11288. bytes (REL,CON)

      Value  Global                              Global Defined In Module
      -----  --------------------------------   ------------------------
     00020100  _GetPlayerIdByRole                 exsoccer_s2_b0
     0002018B  _UpdateSpritesPositions            exsoccer_s2_b0
     0002019D  _PutBallSprite                     exsoccer_s2_b0
     000202F0  _PrintTeamName                     exsoccer_s2_b0
     00020417  _ShowHeaderInfo                    exsoccer_s2_b0
     000204F3  _V9_PutLayerATileAtPos             exsoccer_s2_b0
     0002052E  _V9_PutLayerBTileAtPos             exsoccer_s2_b0
     00020569  _PutPlayerSprite                   exsoccer_s2_b0
     00020849  _ResetPlayersInfo                  exsoccer_s2_b0
     000208A3  _ClearTextFromLayerA               exsoccer_s2_b0
     000208C4  _GetNumberString                   exsoccer_s2_b0
     00020903  _IsTeamJoystickTriggerPressed      exsoccer_s2_b0
     00020973  _GetJoystick1Direction             exsoccer_s2_b0
     00020A73  _GetJoystick2Direction             exsoccer_s2_b0
     00020A78  _ShowFieldZone                     exsoccer_s2_b0
     00020A7C  _TickCheckBallBoundaries           exsoccer_s2_b0
     00020C29  _TimeUp                            exsoccer_s2_b0
     00020C68  _GetClosestPlayerToBall            exsoccer_s2_b0
     00020D8B  _Math_Abs32                        exsoccer_s2_b0
     00020DA1  _SelectTeam                        exsoccer_s2_b0
     00020F32  _ShowMenu                          exsoccer_s2_b0
     0002138D  _LoadPresentation                  exsoccer_s2_b0
     00021473  _PerformShot                       exsoccer_s2_b0
     00021750  _TickBallFlying                    exsoccer_s2_b0
     00022061  _TickThrowIn                       exsoccer_s2_b0

ASxxxx Linker V03.00 + NoICE + sdld,  page 20.
Hexadecimal  [32-Bits]

Area                                    Addr        Size        Decimal Bytes (Attributes)
--------------------------------        ----        ----        ------- ----- ------------
_SEG3                               00038000    00004000 =       16384. bytes (REL,CON)

      Value  Global                              Global Defined In Module
      -----  --------------------------------   ------------------------
     00038000  _g_GameFieldLayerBTiles_part1      exsoccer_s3_b2

ASxxxx Linker V03.00 + NoICE + sdld,  page 21.
Hexadecimal  [32-Bits]

Area                                    Addr        Size        Decimal Bytes (Attributes)
--------------------------------        ----        ----        ------- ----- ------------
_SEG4                               00048000    00004000 =       16384. bytes (REL,CON)

      Value  Global                              Global Defined In Module
      -----  --------------------------------   ------------------------
     00048000  _g_GameFieldLayerBTiles_part2      exsoccer_s4_b2

ASxxxx Linker V03.00 + NoICE + sdld,  page 22.
Hexadecimal  [32-Bits]

Area                                    Addr        Size        Decimal Bytes (Attributes)
--------------------------------        ----        ----        ------- ----- ------------
_SEG5                               00058000    00004000 =       16384. bytes (REL,CON)

      Value  Global                              Global Defined In Module
      -----  --------------------------------   ------------------------
     00058000  _g_GameFieldLayerBTiles_part3      exsoccer_s5_b2

ASxxxx Linker V03.00 + NoICE + sdld,  page 23.
Hexadecimal  [32-Bits]

Area                                    Addr        Size        Decimal Bytes (Attributes)
--------------------------------        ----        ----        ------- ----- ------------
_SEG6                               00068000    00003C00 =       15360. bytes (REL,CON)

      Value  Global                              Global Defined In Module
      -----  --------------------------------   ------------------------
     00068000  _g_GameFieldLayerBTiles_part4      exsoccer_s6_b2

ASxxxx Linker V03.00 + NoICE + sdld,  page 24.
Hexadecimal  [32-Bits]

Area                                    Addr        Size        Decimal Bytes (Attributes)
--------------------------------        ----        ----        ------- ----- ------------
_SEG7                               00078000    00004000 =       16384. bytes (REL,CON)

      Value  Global                              Global Defined In Module
      -----  --------------------------------   ------------------------
     00078000  _g_GameFieldLayerATiles            exsoccer_s7_b2

ASxxxx Linker V03.00 + NoICE + sdld,  page 25.
Hexadecimal  [32-Bits]

Area                                    Addr        Size        Decimal Bytes (Attributes)
--------------------------------        ----        ----        ------- ----- ------------
_SEG8                               00088000    00004000 =       16384. bytes (REL,CON)

      Value  Global                              Global Defined In Module
      -----  --------------------------------   ------------------------
     00088000  _g_Sprites1                        exsoccer_s8_b2

ASxxxx Linker V03.00 + NoICE + sdld,  page 26.
Hexadecimal  [32-Bits]

Area                                    Addr        Size        Decimal Bytes (Attributes)
--------------------------------        ----        ----        ------- ----- ------------
_SEG9                               00098000    00004000 =       16384. bytes (REL,CON)

      Value  Global                              Global Defined In Module
      -----  --------------------------------   ------------------------
     00098000  _g_Sprites2                        exsoccer_s9_b2

ASxxxx Linker V03.00 + NoICE + sdld,  page 27.
Hexadecimal  [32-Bits]

Area                                    Addr        Size        Decimal Bytes (Attributes)
--------------------------------        ----        ----        ------- ----- ------------
_SEG10                              000A8000    00000604 =        1540. bytes (REL,CON)

      Value  Global                              Global Defined In Module
      -----  --------------------------------   ------------------------
     000A8000  _g_Font_MGL_Sample6                exsoccer_s10_b2

ASxxxx Linker V03.00 + NoICE + sdld,  page 28.
Hexadecimal  [32-Bits]

Area                                    Addr        Size        Decimal Bytes (Attributes)
--------------------------------        ----        ----        ------- ----- ------------
_SEG11                              000B8000    00004000 =       16384. bytes (REL,CON)

      Value  Global                              Global Defined In Module
      -----  --------------------------------   ------------------------
     000B8000  _g_GameFieldLayerBTiles_part5      exsoccer_s11_b2

ASxxxx Linker V03.00 + NoICE + sdld,  page 29.
Hexadecimal  [32-Bits]

Area                                    Addr        Size        Decimal Bytes (Attributes)
--------------------------------        ----        ----        ------- ----- ------------
_SEG12                              000C8000    00004000 =       16384. bytes (REL,CON)

      Value  Global                              Global Defined In Module
      -----  --------------------------------   ------------------------
     000C8000  _g_Presentation_part1              exsoccer_s12_b2

ASxxxx Linker V03.00 + NoICE + sdld,  page 30.
Hexadecimal  [32-Bits]

Area                                    Addr        Size        Decimal Bytes (Attributes)
--------------------------------        ----        ----        ------- ----- ------------
_SEG13                              000D8000    00004000 =       16384. bytes (REL,CON)

      Value  Global                              Global Defined In Module
      -----  --------------------------------   ------------------------
     000D8000  _g_Presentation_part2              exsoccer_s13_b2

ASxxxx Linker V03.00 + NoICE + sdld,  page 31.
Hexadecimal  [32-Bits]

Area                                    Addr        Size        Decimal Bytes (Attributes)
--------------------------------        ----        ----        ------- ----- ------------
_SEG14                              000E8000    00004000 =       16384. bytes (REL,CON)

      Value  Global                              Global Defined In Module
      -----  --------------------------------   ------------------------
     000E8000  _g_Presentation_part3              exsoccer_s14_b2

ASxxxx Linker V03.00 + NoICE + sdld,  page 32.
Hexadecimal  [32-Bits]

Area                                    Addr        Size        Decimal Bytes (Attributes)
--------------------------------        ----        ----        ------- ----- ------------
_SEG15                              000F8000    0000221A =        8730. bytes (REL,CON)

      Value  Global                              Global Defined In Module
      -----  --------------------------------   ------------------------
     000F8000  _g_Presentation_part4              exsoccer_s15_b2
     000F9400  _g_MusicMenu                       exsoccer_s15_b2

ASxxxx Linker V03.00 + NoICE + sdld,  page 33.
Hexadecimal  [32-Bits]

Area                                    Addr        Size        Decimal Bytes (Attributes)
--------------------------------        ----        ----        ------- ----- ------------
_SEG16                              00108000    00004000 =       16384. bytes (REL,CON)

      Value  Global                              Global Defined In Module
      -----  --------------------------------   ------------------------
     00108000  _g_Teams_part1                     exsoccer_s16_b2

ASxxxx Linker V03.00 + NoICE + sdld,  page 34.
Hexadecimal  [32-Bits]

Area                                    Addr        Size        Decimal Bytes (Attributes)
--------------------------------        ----        ----        ------- ----- ------------
_SEG17                              00118000    00001030 =        4144. bytes (REL,CON)

      Value  Global                              Global Defined In Module
      -----  --------------------------------   ------------------------
     00118000  _g_Teams_part2                     exsoccer_s17_b2
     00119000  _g_Teams_palette                   exsoccer_s17_b2

ASxxxx Linker V03.00 + NoICE + sdld,  page 35.
Hexadecimal  [32-Bits]

Area                                    Addr        Size        Decimal Bytes (Attributes)
--------------------------------        ----        ----        ------- ----- ------------
_SEG18                              00128000    00004000 =       16384. bytes (REL,CON)

      Value  Global                              Global Defined In Module
      -----  --------------------------------   ------------------------
     00128000  _g_Teams_Gray_part1                exsoccer_s18_b2

ASxxxx Linker V03.00 + NoICE + sdld,  page 36.
Hexadecimal  [32-Bits]

Area                                    Addr        Size        Decimal Bytes (Attributes)
--------------------------------        ----        ----        ------- ----- ------------
_SEG19                              00138000    00001060 =        4192. bytes (REL,CON)

      Value  Global                              Global Defined In Module
      -----  --------------------------------   ------------------------
     00138000  _g_Teams_Gray_part2                exsoccer_s19_b2
     00139000  _g_Teams_Gray_palette              exsoccer_s19_b2
     00139030  _g_Buttons_palette                 exsoccer_s19_b2
ASxxxx Linker V03.00 + NoICE + sdld,  page 37.
Hexadecimal  [32-Bits]

Area                                    Addr        Size        Decimal Bytes (Attributes)
--------------------------------        ----        ----        ------- ----- ------------
_SEG20                              00148000    00004000 =       16384. bytes (REL,CON)

      Value  Global                              Global Defined In Module
      -----  --------------------------------   ------------------------
     00148000  _g_Buttons_part1                   exsoccer_s20_b2

ASxxxx Linker V03.00 + NoICE + sdld,  page 38.
Hexadecimal  [32-Bits]

Area                                    Addr        Size        Decimal Bytes (Attributes)
--------------------------------        ----        ----        ------- ----- ------------
_SEG21                              00158000    00004000 =       16384. bytes (REL,CON)

      Value  Global                              Global Defined In Module
      -----  --------------------------------   ------------------------
     00158000  _g_Buttons_part2                   exsoccer_s21_b2

ASxxxx Linker V03.00 + NoICE + sdld,  page 39.
Hexadecimal  [32-Bits]

Area                                    Addr        Size        Decimal Bytes (Attributes)
--------------------------------        ----        ----        ------- ----- ------------
_SEG22                              00168000    00003CE2 =       15586. bytes (REL,CON)

      Value  Global                              Global Defined In Module
      -----  --------------------------------   ------------------------
     00168000  _TickAI                            exsoccer_s22_b2
     00169F27  _PenaltyShots                      exsoccer_s22_b2
     0016B50C  _TeamVictory                       exsoccer_s22_b2
ASxxxx Linker V03.00 + NoICE + sdld,  page 40.
Hexadecimal  [32-Bits]

Area                                    Addr        Size        Decimal Bytes (Attributes)
--------------------------------        ----        ----        ------- ----- ------------
_SEG23                              00178000    000009DF =        2527. bytes (REL,CON)

      Value  Global                              Global Defined In Module
      -----  --------------------------------   ------------------------
     00178000  _TickPlayerToOwnTarget             exsoccer_s23_b2
     001788B0  _InitPonPonGirls                   exsoccer_s23_b2
     0017890A  _TickPonPonGirlsAnimation          exsoccer_s23_b2
     00178984  _PeopleMoving                      exsoccer_s23_b2

ASxxxx Linker V03.00 + NoICE + sdld,  page 41.
Hexadecimal  [32-Bits]

Area                                    Addr        Size        Decimal Bytes (Attributes)
--------------------------------        ----        ----        ------- ----- ------------
_SEG30                              001E8000    00001C34 =        7220. bytes (REL,CON)

      Value  Global                              Global Defined In Module
      -----  --------------------------------   ------------------------
     001E8000  _g_SoundKickoff                    exsoccer_s30_b2

ASxxxx Linker V03.00 + NoICE + sdld,  page 42.
Hexadecimal  [32-Bits]

Area                                    Addr        Size        Decimal Bytes (Attributes)
--------------------------------        ----        ----        ------- ----- ------------
_SEG31                              001F8000    00002713 =       10003. bytes (REL,CON)

      Value  Global                              Global Defined In Module
      -----  --------------------------------   ------------------------
     001F8000  _g_SoundRefereer                   exsoccer_s31_b2
     001F95A5  _g_SoundTackle                     exsoccer_s31_b2

ASxxxx Linker V03.00 + NoICE + sdld,  page 43.
Hexadecimal  [32-Bits]

Area                                    Addr        Size        Decimal Bytes (Attributes)
--------------------------------        ----        ----        ------- ----- ------------
_SEG32                              00208000    000028A4 =       10404. bytes (REL,CON)

      Value  Global                              Global Defined In Module
      -----  --------------------------------   ------------------------
     00208000  _g_SoundCornerKick                 exsoccer_s32_b2

ASxxxx Linker V03.00 + NoICE + sdld,  page 44.
Hexadecimal  [32-Bits]

Area                                    Addr        Size        Decimal Bytes (Attributes)
--------------------------------        ----        ----        ------- ----- ------------
_SEG33                              00218000    00003DB0 =       15792. bytes (REL,CON)

      Value  Global                              Global Defined In Module
      -----  --------------------------------   ------------------------
     00218000  _g_SoundInGoal                     exsoccer_s33_b2

ASxxxx Linker V03.00 + NoICE + sdld,  page 45.
Hexadecimal  [32-Bits]

Area                                    Addr        Size        Decimal Bytes (Attributes)
--------------------------------        ----        ----        ------- ----- ------------
_SEG34                              00228000    0000359A =       13722. bytes (REL,CON)

      Value  Global                              Global Defined In Module
      -----  --------------------------------   ------------------------
     00228000  _g_SoundThrowIn                    exsoccer_s34_b2

ASxxxx Linker V03.00 + NoICE + sdld,  page 46.
Hexadecimal  [32-Bits]

Area                                    Addr        Size        Decimal Bytes (Attributes)
--------------------------------        ----        ----        ------- ----- ------------
_SEG35                              00238000    0000376A =       14186. bytes (REL,CON)

      Value  Global                              Global Defined In Module
      -----  --------------------------------   ------------------------
     00238000  _g_SoundInGoal1                    exsoccer_s35_b2

ASxxxx Linker V03.00 + NoICE + sdld,  page 47.
Hexadecimal  [32-Bits]

Area                                    Addr        Size        Decimal Bytes (Attributes)
--------------------------------        ----        ----        ------- ----- ------------
_SEG36                              00248000    00003320 =       13088. bytes (REL,CON)

      Value  Global                              Global Defined In Module
      -----  --------------------------------   ------------------------
     00248000  _g_SoundInGoal2                    exsoccer_s36_b2

ASxxxx Linker V03.00 + NoICE + sdld,  page 48.
Hexadecimal  [32-Bits]

Area                                    Addr        Size        Decimal Bytes (Attributes)
--------------------------------        ----        ----        ------- ----- ------------
_SEG37                              00258000    000028F4 =       10484. bytes (REL,CON)

      Value  Global                              Global Defined In Module
      -----  --------------------------------   ------------------------
     00258000  _g_SoundGoalKick                   exsoccer_s37_b2

ASxxxx Linker V03.00 + NoICE + sdld,  page 49.
Hexadecimal  [32-Bits]

Area                                    Addr        Size        Decimal Bytes (Attributes)
--------------------------------        ----        ----        ------- ----- ------------
_SEG38                              00268000    000021C0 =        8640. bytes (REL,CON)

      Value  Global                              Global Defined In Module
      -----  --------------------------------   ------------------------
     00268000  _g_SoundPerformPass                exsoccer_s38_b2
     002687D6  _g_SoundPublic                     exsoccer_s38_b2

ASxxxx Linker V03.00 + NoICE + sdld,  page 50.
Hexadecimal  [32-Bits]

Area                                    Addr        Size        Decimal Bytes (Attributes)
--------------------------------        ----        ----        ------- ----- ------------
_SEG39                              00278000    00003BC2 =       15298. bytes (REL,CON)

      Value  Global                              Global Defined In Module
      -----  --------------------------------   ------------------------
     00278000  _g_SoundShot                       exsoccer_s39_b2
     00279BDE  _g_SoundGKHands                    exsoccer_s39_b2

ASxxxx Linker V03.00 + NoICE + sdld,  page 51.

Files Linked                              [ module(s) ]

E:\Dropbox\FAUSTO\SVILUPPI\MSX\CODE\C\MSXgl\projects\exsoccer/out/crt0_rom_neo.rel
                                          [ crt0 ]
E:\Dropbox\FAUSTO\SVILUPPI\MSX\CODE\C\MSXgl\projects\exsoccer/out/exsoccer.rel
                                          [ exsoccer ]
E:\Dropbox\FAUSTO\SVILUPPI\MSX\CODE\C\MSXgl\projects\exsoccer/out/exsoccer_s1_b2.rel
                                          [ exsoccer_s1_b2 ]
E:\Dropbox\FAUSTO\SVILUPPI\MSX\CODE\C\MSXgl\projects\exsoccer/out/exsoccer_s2_b0.rel
                                          [ exsoccer_s2_b0 ]
E:\Dropbox\FAUSTO\SVILUPPI\MSX\CODE\C\MSXgl\projects\exsoccer/out/exsoccer_s3_b2.rel
                                          [ exsoccer_s3_b2 ]
E:\Dropbox\FAUSTO\SVILUPPI\MSX\CODE\C\MSXgl\projects\exsoccer/out/exsoccer_s4_b2.rel
                                          [ exsoccer_s4_b2 ]
E:\Dropbox\FAUSTO\SVILUPPI\MSX\CODE\C\MSXgl\projects\exsoccer/out/exsoccer_s5_b2.rel
                                          [ exsoccer_s5_b2 ]
E:\Dropbox\FAUSTO\SVILUPPI\MSX\CODE\C\MSXgl\projects\exsoccer/out/exsoccer_s6_b2.rel
                                          [ exsoccer_s6_b2 ]
E:\Dropbox\FAUSTO\SVILUPPI\MSX\CODE\C\MSXgl\projects\exsoccer/out/exsoccer_s7_b2.rel
                                          [ exsoccer_s7_b2 ]
E:\Dropbox\FAUSTO\SVILUPPI\MSX\CODE\C\MSXgl\projects\exsoccer/out/exsoccer_s8_b2.rel
                                          [ exsoccer_s8_b2 ]
E:\Dropbox\FAUSTO\SVILUPPI\MSX\CODE\C\MSXgl\projects\exsoccer/out/exsoccer_s9_b2.rel
                                          [ exsoccer_s9_b2 ]
E:\Dropbox\FAUSTO\SVILUPPI\MSX\CODE\C\MSXgl\projects\exsoccer/out/exsoccer_s10_b2.rel
                                          [ exsoccer_s10_b2 ]
E:\Dropbox\FAUSTO\SVILUPPI\MSX\CODE\C\MSXgl\projects\exsoccer/out/exsoccer_s11_b2.rel
                                          [ exsoccer_s11_b2 ]
E:\Dropbox\FAUSTO\SVILUPPI\MSX\CODE\C\MSXgl\projects\exsoccer/out/exsoccer_s12_b2.rel
                                          [ exsoccer_s12_b2 ]
E:\Dropbox\FAUSTO\SVILUPPI\MSX\CODE\C\MSXgl\projects\exsoccer/out/exsoccer_s13_b2.rel
                                          [ exsoccer_s13_b2 ]
E:\Dropbox\FAUSTO\SVILUPPI\MSX\CODE\C\MSXgl\projects\exsoccer/out/exsoccer_s14_b2.rel
                                          [ exsoccer_s14_b2 ]
E:\Dropbox\FAUSTO\SVILUPPI\MSX\CODE\C\MSXgl\projects\exsoccer/out/exsoccer_s15_b2.rel
                                          [ exsoccer_s15_b2 ]
E:\Dropbox\FAUSTO\SVILUPPI\MSX\CODE\C\MSXgl\projects\exsoccer/out/exsoccer_s16_b2.rel
                                          [ exsoccer_s16_b2 ]
E:\Dropbox\FAUSTO\SVILUPPI\MSX\CODE\C\MSXgl\projects\exsoccer/out/exsoccer_s17_b2.rel
                                          [ exsoccer_s17_b2 ]
E:\Dropbox\FAUSTO\SVILUPPI\MSX\CODE\C\MSXgl\projects\exsoccer/out/exsoccer_s18_b2.rel
                                          [ exsoccer_s18_b2 ]
E:\Dropbox\FAUSTO\SVILUPPI\MSX\CODE\C\MSXgl\projects\exsoccer/out/exsoccer_s19_b2.rel
                                          [ exsoccer_s19_b2 ]
E:\Dropbox\FAUSTO\SVILUPPI\MSX\CODE\C\MSXgl\projects\exsoccer/out/exsoccer_s20_b2.rel
                                          [ exsoccer_s20_b2 ]
E:\Dropbox\FAUSTO\SVILUPPI\MSX\CODE\C\MSXgl\projects\exsoccer/out/exsoccer_s21_b2.rel
                                          [ exsoccer_s21_b2 ]
E:\Dropbox\FAUSTO\SVILUPPI\MSX\CODE\C\MSXgl\projects\exsoccer/out/exsoccer_s22_b2.rel
                                          [ exsoccer_s22_b2 ]
E:\Dropbox\FAUSTO\SVILUPPI\MSX\CODE\C\MSXgl\projects\exsoccer/out/exsoccer_s23_b2.rel
                                          [ exsoccer_s23_b2 ]
E:\Dropbox\FAUSTO\SVILUPPI\MSX\CODE\C\MSXgl\projects\exsoccer/out/exsoccer_s30_b2.rel
                                          [ exsoccer_s30_b2 ]
E:\Dropbox\FAUSTO\SVILUPPI\MSX\CODE\C\MSXgl\projects\exsoccer/out/exsoccer_s31_b2.rel
                                          [ exsoccer_s31_b2 ]
E:\Dropbox\FAUSTO\SVILUPPI\MSX\CODE\C\MSXgl\projects\exsoccer/out/exsoccer_s32_b2.rel
                                          [ exsoccer_s32_b2 ]
E:\Dropbox\FAUSTO\SVILUPPI\MSX\CODE\C\MSXgl\projects\exsoccer/out/exsoccer_s33_b2.rel
                                          [ exsoccer_s33_b2 ]
E:\Dropbox\FAUSTO\SVILUPPI\MSX\CODE\C\MSXgl\projects\exsoccer/out/exsoccer_s34_b2.rel
                                          [ exsoccer_s34_b2 ]
E:\Dropbox\FAUSTO\SVILUPPI\MSX\CODE\C\MSXgl\projects\exsoccer/out/exsoccer_s35_b2.rel
                                          [ exsoccer_s35_b2 ]
E:\Dropbox\FAUSTO\SVILUPPI\MSX\CODE\C\MSXgl\projects\exsoccer/out/exsoccer_s36_b2.rel
                                          [ exsoccer_s36_b2 ]
E:\Dropbox\FAUSTO\SVILUPPI\MSX\CODE\C\MSXgl\projects\exsoccer/out/exsoccer_s37_b2.rel
                                          [ exsoccer_s37_b2 ]
E:\Dropbox\FAUSTO\SVILUPPI\MSX\CODE\C\MSXgl\projects\exsoccer/out/exsoccer_s38_b2.rel
                                          [ exsoccer_s38_b2 ]
E:\Dropbox\FAUSTO\SVILUPPI\MSX\CODE\C\MSXgl\projects\exsoccer/out/exsoccer_s39_b2.rel
                                          [ exsoccer_s39_b2 ]


Libraries Linked                          [ object file ]

E:\Dropbox\FAUSTO\SVILUPPI\MSX\CODE\C\MSXgl\projects\exsoccer/out/msxgl.lib
                                          [ v9990.rel ]
E:\Dropbox\FAUSTO\SVILUPPI\MSX\CODE\C\MSXgl\projects\exsoccer/out/msxgl.lib
                                          [ pcmenc.rel ]
E:\Dropbox\FAUSTO\SVILUPPI\MSX\CODE\C\MSXgl\tools/sdcc/lib/z80/z80.lib
                                          [ divunsigned.rel ]
E:\Dropbox\FAUSTO\SVILUPPI\MSX\CODE\C\MSXgl\projects\exsoccer/out/msxgl.lib
                                          [ vdp.rel ]
E:\Dropbox\FAUSTO\SVILUPPI\MSX\CODE\C\MSXgl\projects\exsoccer/out/msxgl.lib
                                          [ input.rel ]
E:\Dropbox\FAUSTO\SVILUPPI\MSX\CODE\C\MSXgl\tools/sdcc/lib/z80/z80.lib
                                          [ mul.rel ]
E:\Dropbox\FAUSTO\SVILUPPI\MSX\CODE\C\MSXgl\projects\exsoccer/out/msxgl.lib
                                          [ debug.rel ]
E:\Dropbox\FAUSTO\SVILUPPI\MSX\CODE\C\MSXgl\tools/sdcc/lib/z80/z80.lib
                                          [ _divslong.rel ]
E:\Dropbox\FAUSTO\SVILUPPI\MSX\CODE\C\MSXgl\tools/sdcc/lib/z80/z80.lib
                                          [ _divulong.rel ]
E:\Dropbox\FAUSTO\SVILUPPI\MSX\CODE\C\MSXgl\projects\exsoccer/out/msxgl.lib
                                          [ print.rel ]
E:\Dropbox\FAUSTO\SVILUPPI\MSX\CODE\C\MSXgl\tools/sdcc/lib/z80/z80.lib
                                          [ _mullong.rel ]
E:\Dropbox\FAUSTO\SVILUPPI\MSX\CODE\C\MSXgl\tools/sdcc/lib/z80/z80.lib
                                          [ modsigned.rel ]
E:\Dropbox\FAUSTO\SVILUPPI\MSX\CODE\C\MSXgl\tools/sdcc/lib/z80/z80.lib
                                          [ __mulsint2slong.rel ]
E:\Dropbox\FAUSTO\SVILUPPI\MSX\CODE\C\MSXgl\tools/sdcc/lib/z80/z80.lib
                                          [ modunsigned.rel ]
E:\Dropbox\FAUSTO\SVILUPPI\MSX\CODE\C\MSXgl\tools/sdcc/lib/z80/z80.lib
                                          [ divsigned.rel ]
E:\Dropbox\FAUSTO\SVILUPPI\MSX\CODE\C\MSXgl\tools/sdcc/lib/z80/z80.lib
                                          [ __sdcc_call_hl.rel ]

ASxxxx Linker V03.00 + NoICE + sdld,  page 52.

User Base Address Definitions

_CODE = 0x4000
_DATA = 0xc000
_SEG1=0x00018000
_SEG2=0x00020100
_SEG3=0x00038000
_SEG4=0x00048000
_SEG5=0x00058000
_SEG6=0x00068000
_SEG7=0x00078000
_SEG8=0x00088000
_SEG9=0x00098000
_SEG10=0x000A8000
_SEG11=0x000B8000
_SEG12=0x000C8000
_SEG13=0x000D8000
_SEG14=0x000E8000
_SEG15=0x000F8000
_SEG16=0x00108000
_SEG17=0x00118000
_SEG18=0x00128000
_SEG19=0x00138000
_SEG20=0x00148000
_SEG21=0x00158000
_SEG22=0x00168000
_SEG23=0x00178000
_SEG30=0x001E8000
_SEG31=0x001F8000
_SEG32=0x00208000
_SEG33=0x00218000
_SEG34=0x00228000
_SEG35=0x00238000
_SEG36=0x00248000
_SEG37=0x00258000
_SEG38=0x00268000
_SEG39=0x00278000

