ASxxxx Linker V03.00 + NoICE + sdld,  page 1.
Hexadecimal  [32-Bits]

Area                                    Addr        Size        Decimal Bytes (Attributes)
--------------------------------        ----        ----        ------- ----- ------------
.  .ABS.                            00000000    00000000 =           0. bytes (ABS,CON)

      Value  Global                              Global Defined In Module
      -----  --------------------------------   ------------------------
     00000000  .__.ABS.                           
     00000000  _g_SUBRID                          exsoccer_s2_b0
     00000000  l__BSEG                         
     00000000  l__BSS                          
     00000000  l__CABS                         
     00000000  l__DABS                         
     00000000  l__DRIVER                       
     00000000  l__GSFINAL                      
     00000000  l__HEADER                       
     00000000  l__HEADER0                      
     00000000  l__HEAP                         
     00000000  l__RODATA                       
     00000000  s__CABS                         
     00000000  s__DABS                         
     00000000  s__DRIVER                       
     00000000  s__DRIVER1                      
     00000000  s__HEADER                       
     00000000  s__HEADER0                      
     00000002  _g_STRSRC                          exsoccer_s2_b0
     00000004  _g_CGTABL                          print
     00000006  _g_VDP_DR                          print
     00000007  _g_VDP_DW                          print
     00000029  l__INITIALIZED                  
     00000029  l__INITIALIZER                  
     0000002B  _g_BASRVN                          print
     0000002B  _g_ROMVersion                      print
     0000002D  _g_MSXVER                          print
     0000002E  _g_MSXMID                          print
     00000034  _g_CHAR_16                         print
     00000034  l__DRIVER1                      
     00000049  l__GSINIT                       
     000001F5  l__HOME                         
     0000020B  l__DATA                         
     00000604  l__SEG10                        
     00001030  l__SEG17                        
     00001030  l__SEG19                        
     00001400  l__SEG15                        
     00003C00  l__SEG6                         
     00003CBF  l__SEG2                         
     00003D34  l__CODE                         
     00003D9B  l__SEG1                         
     00004000  l__SEG11                        
     00004000  l__SEG12                        
     00004000  l__SEG13                        
     00004000  l__SEG14                        
     00004000  l__SEG16                        
     00004000  l__SEG18                        
     00004000  l__SEG3                         
     00004000  l__SEG4                         
     00004000  l__SEG5                         
ASxxxx Linker V03.00 + NoICE + sdld,  page 2.
Hexadecimal  [32-Bits]

Area                                    Addr        Size        Decimal Bytes (Attributes)
--------------------------------        ----        ----        ------- ----- ------------
.  .ABS.                            00000000    00000000 =           0. bytes (ABS,CON)

      Value  Global                              Global Defined In Module
      -----  --------------------------------   ------------------------
     00004000  l__SEG7                         
     00004000  l__SEG8                         
     00004000  l__SEG9                         
     00004000  s__CODE                         
     00007D34  s__HOME                         
     00007F29  s__INITIALIZER                  
     00007F29  s__RODATA                       
     00007F52  s__GSINIT                       
     00007F9B  s__GSFINAL                      
     0000C000  s__DATA                         
     0000C20B  s__INITIALIZED                  
     0000C234  s__BSEG                         
     0000C234  s__BSS                          
     0000C234  s__HEAP                         
     0000F30F  _g_KANJTABLE                       exsoccer_s2_b0
     0000F323  _g_DISKVE                          exsoccer_s2_b0
     0000F325  _g_BREAKV                          exsoccer_s2_b0
     0000F341  _g_RAMAD0                          exsoccer_s2_b0
     0000F342  _g_RAMAD1                          exsoccer_s2_b0
     0000F343  _g_RAMAD2                          exsoccer_s2_b0
     0000F344  _g_RAMAD3                          exsoccer_s2_b0
     0000F348  _g_MASTER                          exsoccer_s2_b0
     0000F37D  _g_BDOS                            exsoccer_s2_b0
     0000F380  _g_RDPRIM                          print
     0000F385  _g_WRPRIM                          print
     0000F38C  _g_CLPRIM                          print
     0000F39A  _g_USRTAB                          print
     0000F3AE  _g_LINL40                          print
     0000F3AF  _g_LINL32                          print
     0000F3B0  _g_LINLEN                          print
     0000F3B1  _g_CRTCNT                          print
     0000F3B2  _g_CLMLST                          print
     0000F3B3  _g_TXTNAM                          print
     0000F3B5  _g_TXTCOL                          print
     0000F3B7  _g_TXTCGP                          print
     0000F3B9  _g_TXTATR                          print
     0000F3BB  _g_TXTPAT                          print
     0000F3BD  _g_T32NAM                          print
     0000F3BF  _g_T32COL                          print
     0000F3C1  _g_T32CGP                          print
     0000F3C3  _g_T32ATR                          print
     0000F3C5  _g_T32PAT                          print
     0000F3C7  _g_GRPNAM                          print
     0000F3C9  _g_GRPCOL                          print
     0000F3CB  _g_GRPCGP                          print
     0000F3CD  _g_GRPATR                          print
     0000F3CF  _g_GRPPAT                          print
     0000F3D1  _g_MLTNAM                          print
     0000F3D3  _g_MLTCOL                          print
     0000F3D5  _g_MLTCGP                          print
     0000F3D7  _g_MLTATR                          print
ASxxxx Linker V03.00 + NoICE + sdld,  page 3.
Hexadecimal  [32-Bits]

Area                                    Addr        Size        Decimal Bytes (Attributes)
--------------------------------        ----        ----        ------- ----- ------------
.  .ABS.                            00000000    00000000 =           0. bytes (ABS,CON)

      Value  Global                              Global Defined In Module
      -----  --------------------------------   ------------------------
     0000F3D9  _g_MLTPAT                          print
     0000F3DB  _g_CLIKSW                          print
     0000F3DC  _g_CSRY                            print
     0000F3DD  _g_CSRX                            print
     0000F3DE  _g_CNSDFG                          print
     0000F3DF  _g_RG0SAV                          print
     0000F3E0  _g_RG1SAV                          print
     0000F3E1  _g_RG2SAV                          print
     0000F3E2  _g_RG3SAV                          print
     0000F3E3  _g_RG4SAV                          print
     0000F3E4  _g_RG5SAV                          print
     0000F3E5  _g_RG6SAV                          print
     0000F3E6  _g_RG7SAV                          print
     0000F3E7  _g_STATFL                          print
     0000F3E8  _g_TRGFLG                          print
     0000F3E9  _g_FORCLR                          print
     0000F3EA  _g_BAKCLR                          print
     0000F3EB  _g_BDRCLR                          print
     0000F3EC  _g_MAXUPD                          print
     0000F3EF  _g_MINUPD                          print
     0000F3F2  _g_ATRBYT                          print
     0000F3F3  _g_QUEUES                          print
     0000F3F5  _g_FRCNEW                          print
     0000F3F6  _g_SCNCNT                          print
     0000F3F7  _g_REPCNT                          print
     0000F3F8  _g_PUTPNT                          print
     0000F3FA  _g_GETPNT                          print
     0000F3FC  _g_CS120                           print
     0000F401  _g_CS240                           print
     0000F406  _g_LOW                             print
     0000F408  _g_HIGH                            print
     0000F40A  _g_HEADER                          print
     0000F40B  _g_ASPCT1                          print
     0000F40D  _g_ASPCT2                          print
     0000F87F  _g_FNKSTR                          print
     0000F92A  _g_CLOC                            print
     0000F92C  _g_CMASK                           print
     0000F959  _g_QUETAB                          print
     0000F971  _g_QUEBAK                          print
     0000F975  _g_VOICAQ                          print
     0000F9F5  _g_VOICBQ                          print
     0000FA75  _g_VOICCQ                          print
     0000FAF5  _g_DPPAGE                          print
     0000FAF5  _g_RS2IQ                           print
     0000FAF6  _g_ACPAGE                          print
     0000FAF7  _g_AVCSAV                          print
     0000FAF8  _g_EXBRSA                          print
     0000FAF9  _g_CHRCNT                          print
     0000FAFA  _g_ROMA                            print
     0000FAFC  _g_MODE                            print
     0000FAFD  _g_NORUSE                          print
ASxxxx Linker V03.00 + NoICE + sdld,  page 4.
Hexadecimal  [32-Bits]

Area                                    Addr        Size        Decimal Bytes (Attributes)
--------------------------------        ----        ----        ------- ----- ------------
.  .ABS.                            00000000    00000000 =           0. bytes (ABS,CON)

      Value  Global                              Global Defined In Module
      -----  --------------------------------   ------------------------
     0000FAFE  _g_XSAVE                           print
     0000FB00  _g_YSAVE                           print
     0000FB02  _g_LOGOPR                          print
     0000FB03  _g_RSTMP                           print
     0000FB03  _g_TOCNT                           print
     0000FB04  _g_RSFCB                           print
     0000FB06  _g_RSIQLN                          print
     0000FB07  _g_MEXBIh                          print
     0000FB0C  _g_OLDINT                          print
     0000FB0C  _g_OLDSTT                          print
     0000FB16  _g_DEVNUM                          print
     0000FB17  _g_DATCNT                          print
     0000FB1A  _g_ERRORS                          print
     0000FB1B  _g_FLAGS                           print
     0000FB1C  _g_ESTBLS                          print
     0000FB1D  _g_COMMSK                          print
     0000FB1E  _g_LSTCOM                          print
     0000FB1F  _g_LSTMOD                          print
     0000FB35  _g_PRSCNT                          print
     0000FB36  _g_SAVSP                           print
     0000FB38  _g_VOICEN                          print
     0000FB39  _g_SAVVOL                          print
     0000FB3B  _g_MCLLEN                          print
     0000FB3C  _g_MCLPTR                          print
     0000FB3E  _g_QUEUEN                          print
     0000FB3F  _g_MUSICF                          print
     0000FB40  _g_PLYCNT                          print
     0000FB41  _g_VCBA                            print
     0000FB66  _g_VCBB                            print
     0000FB8B  _g_VCBC                            print
     0000FBB0  _g_ENSTOP                          print
     0000FBB1  _g_BASROM                          print
     0000FBB2  _g_LINTTB                          print
     0000FBCA  _g_FSTPOS                          print
     0000FBCC  _g_CODSAV                          print
     0000FBCD  _g_FNKSWI                          print
     0000FBCE  _g_FNKFLG                          print
     0000FBD8  _g_ONGSBF                          print
     0000FBD9  _g_CLIKFL                          print
     0000FBDA  _g_OLDKEY                          print
     0000FBE5  _g_NEWKEY                          print
     0000FBF0  _g_KEYBUF                          print
     0000FC18  _g_LINWRK                          print
     0000FC40  _g_PATWRK                          print
     0000FC48  _g_BOTTOM                          print
     0000FC4A  _g_HIMEM                           print
     0000FC4C  _g_TRPTBL                          print
     0000FC9A  _g_RTYCNT                          print
     0000FC9B  _g_INTFLG                          print
     0000FC9C  _g_PADY                            print
     0000FC9D  _g_PADX                            print
ASxxxx Linker V03.00 + NoICE + sdld,  page 5.
Hexadecimal  [32-Bits]

Area                                    Addr        Size        Decimal Bytes (Attributes)
--------------------------------        ----        ----        ------- ----- ------------
.  .ABS.                            00000000    00000000 =           0. bytes (ABS,CON)

      Value  Global                              Global Defined In Module
      -----  --------------------------------   ------------------------
     0000FC9E  _g_JIFFY                           print
     0000FCA0  _g_INTVAL                          print
     0000FCA2  _g_INTCNT                          print
     0000FCA4  _g_LOWLIM                          print
     0000FCA5  _g_WINWID                          print
     0000FCA6  _g_GRPHED                          print
     0000FCA7  _g_ESCCNT                          print
     0000FCA8  _g_INSFLG                          print
     0000FCA9  _g_CSRSW                           print
     0000FCAA  _g_CSTYLE                          print
     0000FCAB  _g_CAPST                           print
     0000FCAC  _g_KANAST                          print
     0000FCAD  _g_KANAMD                          print
     0000FCAE  _g_FLBMEM                          print
     0000FCAF  _g_SCRMOD                          print
     0000FCB0  _g_OLDSCR                          print
     0000FCB1  _g_CASPRV                          print
     0000FCB2  _g_BRDATR                          print
     0000FCB3  _g_GXPOS                           print
     0000FCB5  _g_GYPOS                           print
     0000FCB7  _g_GRPACX                          print
     0000FCB9  _g_GRPACY                          print
     0000FCBB  _g_DRWFLG                          print
     0000FCBC  _g_DRWSCL                          print
     0000FCBD  _g_DRWANG                          print
     0000FCC1  _g_EXPTBL                          print
     0000FCC1  _g_MNROM                           print
     0000FCC5  _g_SLTTBL                          print
     0000FCC9  _g_SLTATR                          print
     0000FD09  _g_SLTWRK                          print
     0000FD89  _g_PROCNM                          print
     0000FFE7  _g_RG08SAV                         print
     0000FFE8  _g_RG09SAV                         print
     0000FFE9  _g_RG10SAV                         print
     0000FFEA  _g_RG11SAV                         print
     0000FFEB  _g_RG12SAV                         print
     0000FFEC  _g_RG13SAV                         print
     0000FFED  _g_RG14SAV                         print
     0000FFEE  _g_RG15SAV                         print
     0000FFEF  _g_RG16SAV                         print
     0000FFF0  _g_RG17SAV                         print
     0000FFF1  _g_RG18SAV                         print
     0000FFF2  _g_RG19SAV                         print
     0000FFF3  _g_RG20SAV                         print
     0000FFF4  _g_RG21SAV                         print
     0000FFF5  _g_RG22SAV                         print
     0000FFF6  _g_RG23SAV                         print
     0000FFF7  _g_MINROM                          print
     0000FFF8  _g_SVFFF8                          print
     0000FFFA  _g_RG25SAV                         print
     0000FFFB  _g_RG26SAV                         print
ASxxxx Linker V03.00 + NoICE + sdld,  page 6.
Hexadecimal  [32-Bits]

Area                                    Addr        Size        Decimal Bytes (Attributes)
--------------------------------        ----        ----        ------- ----- ------------
.  .ABS.                            00000000    00000000 =           0. bytes (ABS,CON)

      Value  Global                              Global Defined In Module
      -----  --------------------------------   ------------------------
     0000FFFC  _g_RG27SAV                         print
     0000FFFD  _g_SVFFFD                          print
     0000FFFF  _g_SLTSL                           print
     00018000  s__SEG1                         
     00020100  s__SEG2                         
     00038000  s__SEG3                         
     00048000  s__SEG4                         
     00058000  s__SEG5                         
     00068000  s__SEG6                         
     00078000  s__SEG7                         
     00088000  s__SEG8                         
     00098000  s__SEG9                         
     000A8000  s__SEG10                        
     000B8000  s__SEG11                        
     000C8000  s__SEG12                        
     000D8000  s__SEG13                        
     000E8000  s__SEG14                        
     000F8000  s__SEG15                        
     00108000  s__SEG16                        
     00118000  s__SEG17                        
     00128000  s__SEG18                        
     00138000  s__SEG19                        
ASxxxx Linker V03.00 + NoICE + sdld,  page 7.
Hexadecimal  [32-Bits]

Area                                    Addr        Size        Decimal Bytes (Attributes)
--------------------------------        ----        ----        ------- ----- ------------
_CODE                               00004000    00003D34 =       15668. bytes (REL,CON)

      Value  Global                              Global Defined In Module
      -----  --------------------------------   ------------------------
     00004000  _g_FirstAddr                       crt0
     00004000  _g_HeaderAddr                      crt0
     00004000  crt0_rom_header                    crt0
     00004018  _g_AppSignature                    crt0
     00004037  crt0_p1_to_p02                     crt0
     00004096  _GetTeamStats                      exsoccer
     000040AD  _g_TeamStats                       exsoccer
     000040CB  _UpdateV9990                       exsoccer
     000040CE  _InitVariables                     exsoccer
     000040E8  _WaitV9990Synch                    exsoccer
     00004106  _LoadP1LayerA                      exsoccer
     0000417D  _LoadP1LayerB                      exsoccer
     00004217  _ShowField                         exsoccer
     00004274  _PeopleMoving                      exsoccer
     000042CF  _V9_InterruptVBlank                exsoccer
     000043F0  _V9_InterruptHBlank                exsoccer
     000043F1  _V9_InterruptCommand               exsoccer
     000043F2  _GameStart                         exsoccer
     0000445D  _SetTeamsPresentationSpritesPosi   exsoccer
     000045B7  _TickActiveFieldZone               exsoccer
     00004617  _TickUpdateTime                    exsoccer
     00004649  _GetOffsideLineY                   exsoccer
     0000472A  _BallInGoal                        exsoccer
     000047A8  _BallThrowIn                       exsoccer
     000048C3  _GoalKick                          exsoccer
     00004900  _CornerKick                        exsoccer
     00004D3D  _InitializeV9990                   exsoccer
     00004D71  _LoadSprites                       exsoccer
     00004DB6  _TickGoalCelebration               exsoccer
     00005192  _main                              exsoccer
     000052CB  _MainGameLoop                      exsoccer
     0000541D  _UpdatePlayerPatternByDirection    exsoccer
     000054E4  _GetNoMovingPlayerPatternId        exsoccer
     0000553C  _GetNewPoseByDirection             exsoccer
     0000558F  _GetPatternIdByPoseAndDirection    exsoccer
     000055E5  _SetPlayerTarget                   exsoccer
     00005792  _SetPlayerBallPossession           exsoccer
     000057D0  _TickGoalKick                      exsoccer
     00005CFD  _TickCornerKick                    exsoccer
     000067DA  _V9_SetPort                        v9990
     000067DE  _V9_GetPort                        v9990
     000067E2  _V9_SetRegister                    v9990
     000067EA  _V9_SetRegister16                  v9990
     000067F6  _V9_GetRegister                    v9990
     000067FD  _V9_Detect                         v9990
     00006813  _V9_SetScreenMode                  v9990
     00006844  _g_V9_ModeConfig                   v9990
     00006862  _g_V9_ColorConfig                  v9990
     00006874  _V9_SetColorMode                   v9990
     0000689E  _V9_SetScrollingY                  v9990
ASxxxx Linker V03.00 + NoICE + sdld,  page 8.
Hexadecimal  [32-Bits]

Area                                    Addr        Size        Decimal Bytes (Attributes)
--------------------------------        ----        ----        ------- ----- ------------
_CODE                               00004000    00003D34 =       15668. bytes (REL,CON)

      Value  Global                              Global Defined In Module
      -----  --------------------------------   ------------------------
     000068B7  _V9_SetScrollingX                  v9990
     000068D3  _V9_SetScrollingBY                 v9990
     000068EC  _V9_SetScrollingBX                 v9990
     00006908  _V9_ClearVRAM                      v9990
     0000692C  _V9_SetWriteAddress                v9990
     00006939  _V9_SetReadAddress                 v9990
     00006947  _V9_Peek_CurrentAddr               v9990
     0000694B  _V9_Peek16_CurrentAddr             v9990
     00006953  _V9_Poke_CurrentAddr               v9990
     00006957  _V9_Poke16_CurrentAddr             v9990
     0000695F  _V9_FillVRAM_CurrentAddr           v9990
     0000696C  _V9_FillVRAM16_CurrentAddr         v9990
     0000697D  _V9_WriteVRAM_CurrentAddr          v9990
     0000698A  _V9_ReadVRAM_CurrentAddr           v9990
     00006997  _V9_SetPaletteEntry                v9990
     000069B1  _V9_SetCursorAttribute             v9990
     00006A36  _V9_SetCursorDisplay               v9990
     00006A73  __divuchar                         
     00006A75  __divu8                            
     00006A78  __divu16                           
     00006A78  __divuint                          
     00006AA7  _VDP_SetModeFlag                   vdp
     00006AD0  _VDP_SetModeText1                  vdp
     00006AE1  _VDP_SetModeMultiColor             vdp
     00006AFE  _VDP_SetModeGraphic1               vdp
     00006B20  _VDP_SetModeGraphic2               vdp
     00006B43  _VDP_ClearVRAM                     vdp
     00006B4F  _VDP_WriteVRAM_16K                 vdp
     00006B78  _VDP_FillVRAM_16K                  vdp
     00006B97  _VDP_ReadVRAM_16K                  vdp
     00006BBF  _VDP_Peek_16K                      vdp
     00006BCD  _VDP_Poke_16K                      vdp
     00006BDF  _VDP_Initialize                    vdp
     00006BF0  _VDP_SetMode                       vdp
     00006C40  _VDP_GetVersion                    vdp
     00006C8F  _VDP_RegWrite                      vdp
     00006C9B  _VDP_RegWriteBak                   vdp
     00006CAE  _VDP_RegWriteBakMask               vdp
     00006CCD  _VDP_ReadDefaultStatus             vdp
     00006CD0  _VDP_SetLayoutTable                vdp
     00006CE0  _VDP_SetColorTable                 vdp
     00006D0D  _VDP_SetPatternTable               vdp
     00006D2A  _VDP_SetSpriteAttributeTable       vdp
     00006D5B  _VDP_SetSpritePatternTable         vdp
     00006D6C  _VDP_LoadSpritePattern             vdp
     00006D97  _VDP_SetSpriteSM1                  vdp
     00006DD5  _VDP_SetSprite                     vdp
     00006E0B  _VDP_SetSpritePosition             vdp
     00006E3A  _VDP_SetSpritePositionX            vdp
     00006E4C  _VDP_SetSpritePositionY            vdp
     00006E5D  _VDP_SetSpritePattern              vdp
ASxxxx Linker V03.00 + NoICE + sdld,  page 9.
Hexadecimal  [32-Bits]

Area                                    Addr        Size        Decimal Bytes (Attributes)
--------------------------------        ----        ----        ------- ----- ------------
_CODE                               00004000    00003D34 =       15668. bytes (REL,CON)

      Value  Global                              Global Defined In Module
      -----  --------------------------------   ------------------------
     00006E70  _VDP_SetSpriteColorSM1             vdp
     00006E84  _VDP_DisableSpritesFrom            vdp
     00006E8B  _VDP_LoadPattern_GM2               vdp
     00006EE2  _VDP_LoadColor_GM2                 vdp
     00006F39  _VDP_WriteLayout_GM2               vdp
     00006F8E  _VDP_FillLayout_GM2                vdp
     00006FD0  _Input_Detect                      input
     00006FED  _Joystick_Read                     input
     00007002  _Keyboard_Read                     input
     0000700D  _Keyboard_IsKeyPressed             input
     00007038  __mulint                           
     0000703A  __mul16                            
     0000704F  _DEBUG_INIT                        debug
     00007050  _DEBUG_BREAK                       debug
     00007055  _DEBUG_ASSERT                      debug
     0000705B  _DEBUG_LOG                         debug
     00007069  _DEBUG_LOGNUM                      debug
     0000708F  _DEBUG_PRINT                       debug
     0000709E  _Print_Initialize                  print
     000070F3  _g_HexChar                         print
     00007103  _Print_SetMode                     print
     00007119  _Print_SetFont                     print
     000071F3  _Print_SetColor                    print
     00007274  _Print_SetColorShade               print
     000072ED  _Print_ValidateChar                print
     00007339  _Print_ValidatePattern             print
     00007408  _CopyNo8HeightFontData             print
     00007463  _Print_SetTextFont                 print
     0000777C  _DrawChar_Layout                   print
     000077C0  _Print_Clear                       print
     000077D4  _Print_Backspace                   print
     00007818  _Print_DrawChar                    print
     0000784E  _Print_DrawCharX                   print
     00007860  _Print_DrawText                    print
     0000789F  _Print_DrawBin8                    print
     000078C2  _Print_DrawHex8                    print
     000078E8  _Print_DrawHex16                   print
     000078F3  _Print_DrawInt                     print
     0000797F  _Print_DrawFormat                  print
     00007C9A  __modschar                         
     00007CA2  __modsint                          
     00007CA8  ___mulsint2slong                   u_16_16_mul
     00007CD6  ___muluint2ulong                   u_16_16_mul
     00007CED  __moduchar                         
     00007CF4  __moduint                          
     00007CF9  __divschar                         
     00007CFB  __div8                             
     00007CFF  __div_signexte                     
     00007D03  __div16                            
     00007D03  __divsint                          
     00007D29  __get_remainder                    
ASxxxx Linker V03.00 + NoICE + sdld,  page 10.
Hexadecimal  [32-Bits]

Area                                    Addr        Size        Decimal Bytes (Attributes)
--------------------------------        ----        ----        ------- ----- ------------
_CODE                               00004000    00003D34 =       15668. bytes (REL,CON)

      Value  Global                              Global Defined In Module
      -----  --------------------------------   ------------------------
     00007D33  ___sdcc_call_hl                    
ASxxxx Linker V03.00 + NoICE + sdld,  page 11.
Hexadecimal  [32-Bits]

Area                                    Addr        Size        Decimal Bytes (Attributes)
--------------------------------        ----        ----        ------- ----- ------------
_HOME                               00007D34    000001F5 =         501. bytes (REL,CON)

      Value  Global                              Global Defined In Module
      -----  --------------------------------   ------------------------
     00007D34  __divslong                         _divslong
     00007DC4  __divulong                         _divulong
     00007E3E  __mullong                          _mullong
ASxxxx Linker V03.00 + NoICE + sdld,  page 12.
Hexadecimal  [32-Bits]

Area                                    Addr        Size        Decimal Bytes (Attributes)
--------------------------------        ----        ----        ------- ----- ------------
_INITIALIZER                        00007F29    00000029 =          41. bytes (REL,CON)

      Value  Global                              Global Defined In Module
      -----  --------------------------------   ------------------------
ASxxxx Linker V03.00 + NoICE + sdld,  page 13.
Hexadecimal  [32-Bits]

Area                                    Addr        Size        Decimal Bytes (Attributes)
--------------------------------        ----        ----        ------- ----- ------------
_GSINIT                             00007F52    00000049 =          73. bytes (REL,CON)

      Value  Global                              Global Defined In Module
      -----  --------------------------------   ------------------------
ASxxxx Linker V03.00 + NoICE + sdld,  page 14.
Hexadecimal  [32-Bits]

Area                                    Addr        Size        Decimal Bytes (Attributes)
--------------------------------        ----        ----        ------- ----- ------------
_GSFINAL                            00007F9B    00000000 =           0. bytes (REL,CON)

      Value  Global                              Global Defined In Module
      -----  --------------------------------   ------------------------
     00007F9B  _g_LastAddr                        crt0

ASxxxx Linker V03.00 + NoICE + sdld,  page 15.
Hexadecimal  [32-Bits]

Area                                    Addr        Size        Decimal Bytes (Attributes)
--------------------------------        ----        ----        ------- ----- ------------
_DRIVER1                            00000000    00000034 =          52. bytes (ABS,CON)

      Value  Global                              Global Defined In Module
      -----  --------------------------------   ------------------------
     00020038  crt0_interrupt_start               crt0

ASxxxx Linker V03.00 + NoICE + sdld,  page 16.
Hexadecimal  [32-Bits]

Area                                    Addr        Size        Decimal Bytes (Attributes)
--------------------------------        ----        ----        ------- ----- ------------
_DATA                               0000C000    0000020B =         523. bytes (REL,CON)

      Value  Global                              Global Defined In Module
      -----  --------------------------------   ------------------------
     0000C000  _g_HeapStartAddress                crt0
     0000C002  _g_ROMSlotID                       crt0
     0000C003  _g_VersionROM                      crt0
     0000C004  _g_VersionMSX                      crt0
     0000C005  _g_Bank0Segment                    crt0
     0000C007  _g_Bank1Segment                    crt0
     0000C009  _g_Bank2Segment                    crt0
     0000C009  _g_CurrentSegment                  crt0
     0000C00B  _g_FrameCounter                    exsoccer
     0000C00D  _g_Team1PaletteId                  exsoccer
     0000C00E  _g_Team2PaletteId                  exsoccer
     0000C00F  _g_Team1Score                      exsoccer
     0000C010  _g_Team2Score                      exsoccer
     0000C011  _g_Players                         exsoccer
     0000C14C  _g_PonPonGirls                     exsoccer
     0000C16A  _g_Ball                            exsoccer
     0000C188  _g_ActiveFieldZone                 exsoccer
     0000C189  _g_RestartKickTeamId               exsoccer
     0000C18A  _g_SecondsToEndOfMatch             exsoccer
     0000C19C  _g_VDP_REGSAV                      vdp
     0000C1B8  _g_VDP_Data                        vdp
     0000C1BA  _g_VDP_Command                     vdp
     0000C1C9  _g_VDP_Sprite                      vdp
     0000C1CD  _g_ScreenLayoutLow                 vdp
     0000C1CF  _g_ScreenColorLow                  vdp
     0000C1D1  _g_ScreenPatternLow                vdp
     0000C1D3  _g_SpriteAttributeLow              vdp
     0000C1D5  _g_SpritePatternLow                vdp
     0000C1D7  _g_SpriteColorLow                  vdp
     0000C1D9  _g_PrintData                       print
ASxxxx Linker V03.00 + NoICE + sdld,  page 17.
Hexadecimal  [32-Bits]

Area                                    Addr        Size        Decimal Bytes (Attributes)
--------------------------------        ----        ----        ------- ----- ------------
_INITIALIZED                        0000C20B    00000029 =          41. bytes (REL,CON)

      Value  Global                              Global Defined In Module
      -----  --------------------------------   ------------------------
     0000C20B  _g_FieldCurrentYPosition           exsoccer
     0000C20D  _g_FieldScrollingActionInProgres   exsoccer
     0000C20E  _g_PlayersPositioningPhaseCount    exsoccer
     0000C20F  _g_MatchStatus                     exsoccer
     0000C210  _g_FieldScrollSpeed                exsoccer
     0000C211  _g_Timer                           exsoccer
     0000C212  _g_Team1ActivePlayer               exsoccer
     0000C213  _g_Team2ActivePlayer               exsoccer
     0000C214  _g_PassTargetPlayer                exsoccer
     0000C215  _g_GameWith2Players                exsoccer
     0000C216  _g_GameLevel                       exsoccer
     0000C217  _g_ActionCooldown                  exsoccer
     0000C218  _g_ShootCooldown                   exsoccer
     0000C219  _g_ShotCursorX                     exsoccer
     0000C21B  _g_ShotCursorDir                   exsoccer
     0000C21C  _g_FioBre                          exsoccer
     0000C21D  _g_GoalScorerId                    exsoccer
     0000C21E  _g_CornerKickSide                  exsoccer
     0000C21F  _g_GoalKickSide                    exsoccer
     0000C220  _g_CornerKickTargetId              exsoccer
     0000C221  _g_ThrowInPlayerId                 exsoccer
     0000C222  _g_VSynch                          exsoccer
     0000C223  _g_GkRecoilY                       exsoccer
     0000C224  _g_GkIsGroundKick                  exsoccer_s2_b0
     0000C225  _g_ponPonPatternIndex              exsoccer_s2_b0
     0000C226  _g_PonPonGrilsPoseCounter          exsoccer_s2_b0
     0000C227  _g_peopleState                     exsoccer_s2_b0
     0000C228  _g_ponPonGirlsInitailized          exsoccer_s2_b0
     0000C22B  _g_VDPInitilized                   vdp
     0000C22C  _g_PrintInvalid                    print
ASxxxx Linker V03.00 + NoICE + sdld,  page 18.
Hexadecimal  [32-Bits]

Area                                    Addr        Size        Decimal Bytes (Attributes)
--------------------------------        ----        ----        ------- ----- ------------
_SEG1                               00018000    00003D9B =       15771. bytes (REL,CON)

      Value  Global                              Global Defined In Module
      -----  --------------------------------   ------------------------
     00018000  _TickTeamJoystick                  exsoccer_s1_b2
     00018DA0  _TickAI                            exsoccer_s1_b2
     0001AAB2  _PutBallOnPlayerFeet               exsoccer_s1_b2
     0001AFB9  _TickBallCollision                 exsoccer_s1_b2
     0001B388  _HandleOffside                     exsoccer_s1_b2
     0001B3CD  _IsOffside                         exsoccer_s1_b2
     0001B4C4  _PerformPass                       exsoccer_s1_b2
     0001B888  _EnforcePenaltyBoxRestriction      exsoccer_s1_b2
     0001B93A  _InitPalette                       exsoccer_s1_b2
     0001B99F  _g_GameFieldLayerATilesPalette     exsoccer_s1_b2
     0001B9CF  _g_GameFieldLayerBTilesPalette     exsoccer_s1_b2
     0001B9FF  _g_Sprites1_palette_ita            exsoccer_s1_b2
     0001BA2F  _g_Sprites1_palette_aus            exsoccer_s1_b2
     0001BA5F  _g_Sprites1_palette_fra            exsoccer_s1_b2
     0001BA8F  _g_Sprites1_palette_ger            exsoccer_s1_b2
     0001BABF  _g_Sprites1_palette_gbr            exsoccer_s1_b2
     0001BAEF  _g_Sprites1_palette_bra            exsoccer_s1_b2
     0001BB1F  _g_Sprites1_palette_fio            exsoccer_s1_b2
     0001BB4F  _TickTeamSelection                 exsoccer_s1_b2
     0001BB52  _SetTeam1Palette                   exsoccer_s1_b2
     0001BB7F  _SetTeam2Palette                   exsoccer_s1_b2
     0001BBAC  _GetTeamPaletteById                exsoccer_s1_b2
     0001BBF1  _TickFieldScrollingAction          exsoccer_s1_b2
     0001BCE4  _TickShowKickOff                   exsoccer_s1_b2
     0001BD7A  _ResetBallInfo                     exsoccer_s1_b2

ASxxxx Linker V03.00 + NoICE + sdld,  page 19.
Hexadecimal  [32-Bits]

Area                                    Addr        Size        Decimal Bytes (Attributes)
--------------------------------        ----        ----        ------- ----- ------------
_SEG2                               00020100    00003CBF =       15551. bytes (REL,CON)

      Value  Global                              Global Defined In Module
      -----  --------------------------------   ------------------------
     00020100  _V9_PrintLayerAStringAtPos         exsoccer_s2_b0
     0002015B  _TickP1                            exsoccer_s2_b0
     0002015E  _GetPlayerIdByRole                 exsoccer_s2_b0
     000201B9  _UpdateSpritesPositions            exsoccer_s2_b0
     000201CB  _PutBallSprite                     exsoccer_s2_b0
     0002031E  _PrintTeamName                     exsoccer_s2_b0
     000203AC  _ShowHeaderInfo                    exsoccer_s2_b0
     00020488  _V9_PutLayerATileAtPos             exsoccer_s2_b0
     000204C3  _V9_PutLayerBTileAtPos             exsoccer_s2_b0
     000204FE  _InitPonPonGirls                   exsoccer_s2_b0
     00020583  _TickPonPonGirlsAnimation          exsoccer_s2_b0
     00020606  _PutPonPonGirlSprite               exsoccer_s2_b0
     000206A3  _PutPlayerSprite                   exsoccer_s2_b0
     00020973  _ResetPlayersInfo                  exsoccer_s2_b0
     000209CD  _ClearTextFromLayerA               exsoccer_s2_b0
     000209EE  _TickPlayerToOwnTarget             exsoccer_s2_b0
     00021278  _GetNumberString                   exsoccer_s2_b0
     000212B7  _IsTeamJoystickTriggerPressed      exsoccer_s2_b0
     000212DE  _GetJoystick1Direction             exsoccer_s2_b0
     000213DE  _GetJoystick2Direction             exsoccer_s2_b0
     000213E3  _ShowFieldZone                     exsoccer_s2_b0
     000213E7  _TickCheckBallBoundaries           exsoccer_s2_b0
     00021594  _TimeUp                            exsoccer_s2_b0
     00021595  _GetClosestPlayerToBall            exsoccer_s2_b0
     000216B8  _Math_Abs32                        exsoccer_s2_b0
     000216CE  _GetBestPassTarget                 exsoccer_s2_b0
     00021ABE  _UpdatePassTarget                  exsoccer_s2_b0
     00021AFB  _GoalkeeperWithBall                exsoccer_s2_b0
     00021D04  _SelectTeam                        exsoccer_s2_b0
     00021E95  _ShowMenu                          exsoccer_s2_b0
     000220D8  _LoadPresentation                  exsoccer_s2_b0
     000221CC  _TickGoalkeeperAnimation           exsoccer_s2_b0
     00022419  _PerformShot                       exsoccer_s2_b0
     000226F6  _TickBallFlying                    exsoccer_s2_b0
     00023007  _TickThrowIn                       exsoccer_s2_b0
     00023CBE  _TickShotCursor                    exsoccer_s2_b0
ASxxxx Linker V03.00 + NoICE + sdld,  page 20.
Hexadecimal  [32-Bits]

Area                                    Addr        Size        Decimal Bytes (Attributes)
--------------------------------        ----        ----        ------- ----- ------------
_SEG3                               00038000    00004000 =       16384. bytes (REL,CON)

      Value  Global                              Global Defined In Module
      -----  --------------------------------   ------------------------
     00038000  _g_GameFieldLayerBTiles_part1      exsoccer_s3_b2

ASxxxx Linker V03.00 + NoICE + sdld,  page 21.
Hexadecimal  [32-Bits]

Area                                    Addr        Size        Decimal Bytes (Attributes)
--------------------------------        ----        ----        ------- ----- ------------
_SEG4                               00048000    00004000 =       16384. bytes (REL,CON)

      Value  Global                              Global Defined In Module
      -----  --------------------------------   ------------------------
     00048000  _g_GameFieldLayerBTiles_part2      exsoccer_s4_b2

ASxxxx Linker V03.00 + NoICE + sdld,  page 22.
Hexadecimal  [32-Bits]

Area                                    Addr        Size        Decimal Bytes (Attributes)
--------------------------------        ----        ----        ------- ----- ------------
_SEG5                               00058000    00004000 =       16384. bytes (REL,CON)

      Value  Global                              Global Defined In Module
      -----  --------------------------------   ------------------------
     00058000  _g_GameFieldLayerBTiles_part3      exsoccer_s5_b2

ASxxxx Linker V03.00 + NoICE + sdld,  page 23.
Hexadecimal  [32-Bits]

Area                                    Addr        Size        Decimal Bytes (Attributes)
--------------------------------        ----        ----        ------- ----- ------------
_SEG6                               00068000    00003C00 =       15360. bytes (REL,CON)

      Value  Global                              Global Defined In Module
      -----  --------------------------------   ------------------------
     00068000  _g_GameFieldLayerBTiles_part4      exsoccer_s6_b2

ASxxxx Linker V03.00 + NoICE + sdld,  page 24.
Hexadecimal  [32-Bits]

Area                                    Addr        Size        Decimal Bytes (Attributes)
--------------------------------        ----        ----        ------- ----- ------------
_SEG7                               00078000    00004000 =       16384. bytes (REL,CON)

      Value  Global                              Global Defined In Module
      -----  --------------------------------   ------------------------
     00078000  _g_GameFieldLayerATiles            exsoccer_s7_b2

ASxxxx Linker V03.00 + NoICE + sdld,  page 25.
Hexadecimal  [32-Bits]

Area                                    Addr        Size        Decimal Bytes (Attributes)
--------------------------------        ----        ----        ------- ----- ------------
_SEG8                               00088000    00004000 =       16384. bytes (REL,CON)

      Value  Global                              Global Defined In Module
      -----  --------------------------------   ------------------------
     00088000  _g_Sprites1                        exsoccer_s8_b2

ASxxxx Linker V03.00 + NoICE + sdld,  page 26.
Hexadecimal  [32-Bits]

Area                                    Addr        Size        Decimal Bytes (Attributes)
--------------------------------        ----        ----        ------- ----- ------------
_SEG9                               00098000    00004000 =       16384. bytes (REL,CON)

      Value  Global                              Global Defined In Module
      -----  --------------------------------   ------------------------
     00098000  _g_Sprites2                        exsoccer_s9_b2

ASxxxx Linker V03.00 + NoICE + sdld,  page 27.
Hexadecimal  [32-Bits]

Area                                    Addr        Size        Decimal Bytes (Attributes)
--------------------------------        ----        ----        ------- ----- ------------
_SEG10                              000A8000    00000604 =        1540. bytes (REL,CON)

      Value  Global                              Global Defined In Module
      -----  --------------------------------   ------------------------
     000A8000  _g_Font_MGL_Sample6                exsoccer_s10_b2

ASxxxx Linker V03.00 + NoICE + sdld,  page 28.
Hexadecimal  [32-Bits]

Area                                    Addr        Size        Decimal Bytes (Attributes)
--------------------------------        ----        ----        ------- ----- ------------
_SEG11                              000B8000    00004000 =       16384. bytes (REL,CON)

      Value  Global                              Global Defined In Module
      -----  --------------------------------   ------------------------
     000B8000  _g_GameFieldLayerBTiles_part5      exsoccer_s11_b2

ASxxxx Linker V03.00 + NoICE + sdld,  page 29.
Hexadecimal  [32-Bits]

Area                                    Addr        Size        Decimal Bytes (Attributes)
--------------------------------        ----        ----        ------- ----- ------------
_SEG12                              000C8000    00004000 =       16384. bytes (REL,CON)

      Value  Global                              Global Defined In Module
      -----  --------------------------------   ------------------------
     000C8000  _g_Presentation_part1              exsoccer_s12_b2

ASxxxx Linker V03.00 + NoICE + sdld,  page 30.
Hexadecimal  [32-Bits]

Area                                    Addr        Size        Decimal Bytes (Attributes)
--------------------------------        ----        ----        ------- ----- ------------
_SEG13                              000D8000    00004000 =       16384. bytes (REL,CON)

      Value  Global                              Global Defined In Module
      -----  --------------------------------   ------------------------
     000D8000  _g_Presentation_part2              exsoccer_s13_b2

ASxxxx Linker V03.00 + NoICE + sdld,  page 31.
Hexadecimal  [32-Bits]

Area                                    Addr        Size        Decimal Bytes (Attributes)
--------------------------------        ----        ----        ------- ----- ------------
_SEG14                              000E8000    00004000 =       16384. bytes (REL,CON)

      Value  Global                              Global Defined In Module
      -----  --------------------------------   ------------------------
     000E8000  _g_Presentation_part3              exsoccer_s14_b2

ASxxxx Linker V03.00 + NoICE + sdld,  page 32.
Hexadecimal  [32-Bits]

Area                                    Addr        Size        Decimal Bytes (Attributes)
--------------------------------        ----        ----        ------- ----- ------------
_SEG15                              000F8000    00001400 =        5120. bytes (REL,CON)

      Value  Global                              Global Defined In Module
      -----  --------------------------------   ------------------------
     000F8000  _g_Presentation_part4              exsoccer_s15_b2

ASxxxx Linker V03.00 + NoICE + sdld,  page 33.
Hexadecimal  [32-Bits]

Area                                    Addr        Size        Decimal Bytes (Attributes)
--------------------------------        ----        ----        ------- ----- ------------
_SEG16                              00108000    00004000 =       16384. bytes (REL,CON)

      Value  Global                              Global Defined In Module
      -----  --------------------------------   ------------------------
     00108000  _g_Teams_part1                     exsoccer_s16_b2

ASxxxx Linker V03.00 + NoICE + sdld,  page 34.
Hexadecimal  [32-Bits]

Area                                    Addr        Size        Decimal Bytes (Attributes)
--------------------------------        ----        ----        ------- ----- ------------
_SEG17                              00118000    00001030 =        4144. bytes (REL,CON)

      Value  Global                              Global Defined In Module
      -----  --------------------------------   ------------------------
     00118000  _g_Teams_part2                     exsoccer_s17_b2
     00119000  _g_Teams_palette                   exsoccer_s17_b2

ASxxxx Linker V03.00 + NoICE + sdld,  page 35.
Hexadecimal  [32-Bits]

Area                                    Addr        Size        Decimal Bytes (Attributes)
--------------------------------        ----        ----        ------- ----- ------------
_SEG18                              00128000    00004000 =       16384. bytes (REL,CON)

      Value  Global                              Global Defined In Module
      -----  --------------------------------   ------------------------
     00128000  _g_Teams_Gray_part1                exsoccer_s18_b2

ASxxxx Linker V03.00 + NoICE + sdld,  page 36.
Hexadecimal  [32-Bits]

Area                                    Addr        Size        Decimal Bytes (Attributes)
--------------------------------        ----        ----        ------- ----- ------------
_SEG19                              00138000    00001030 =        4144. bytes (REL,CON)

      Value  Global                              Global Defined In Module
      -----  --------------------------------   ------------------------
     00138000  _g_Teams_Gray_part2                exsoccer_s19_b2
     00139000  _g_Teams_Gray_palette              exsoccer_s19_b2

ASxxxx Linker V03.00 + NoICE + sdld,  page 37.

Files Linked                              [ module(s) ]

E:\Dropbox\FAUSTO\SVILUPPI\MSX\CODE\C\MSXgl\projects\exsoccer/out/crt0_rom_neo.rel
                                          [ crt0 ]
E:\Dropbox\FAUSTO\SVILUPPI\MSX\CODE\C\MSXgl\projects\exsoccer/out/exsoccer.rel
                                          [ exsoccer ]
E:\Dropbox\FAUSTO\SVILUPPI\MSX\CODE\C\MSXgl\projects\exsoccer/out/exsoccer_s1_b2.rel
                                          [ exsoccer_s1_b2 ]
E:\Dropbox\FAUSTO\SVILUPPI\MSX\CODE\C\MSXgl\projects\exsoccer/out/exsoccer_s2_b0.rel
                                          [ exsoccer_s2_b0 ]
E:\Dropbox\FAUSTO\SVILUPPI\MSX\CODE\C\MSXgl\projects\exsoccer/out/exsoccer_s3_b2.rel
                                          [ exsoccer_s3_b2 ]
E:\Dropbox\FAUSTO\SVILUPPI\MSX\CODE\C\MSXgl\projects\exsoccer/out/exsoccer_s4_b2.rel
                                          [ exsoccer_s4_b2 ]
E:\Dropbox\FAUSTO\SVILUPPI\MSX\CODE\C\MSXgl\projects\exsoccer/out/exsoccer_s5_b2.rel
                                          [ exsoccer_s5_b2 ]
E:\Dropbox\FAUSTO\SVILUPPI\MSX\CODE\C\MSXgl\projects\exsoccer/out/exsoccer_s6_b2.rel
                                          [ exsoccer_s6_b2 ]
E:\Dropbox\FAUSTO\SVILUPPI\MSX\CODE\C\MSXgl\projects\exsoccer/out/exsoccer_s7_b2.rel
                                          [ exsoccer_s7_b2 ]
E:\Dropbox\FAUSTO\SVILUPPI\MSX\CODE\C\MSXgl\projects\exsoccer/out/exsoccer_s8_b2.rel
                                          [ exsoccer_s8_b2 ]
E:\Dropbox\FAUSTO\SVILUPPI\MSX\CODE\C\MSXgl\projects\exsoccer/out/exsoccer_s9_b2.rel
                                          [ exsoccer_s9_b2 ]
E:\Dropbox\FAUSTO\SVILUPPI\MSX\CODE\C\MSXgl\projects\exsoccer/out/exsoccer_s10_b2.rel
                                          [ exsoccer_s10_b2 ]
E:\Dropbox\FAUSTO\SVILUPPI\MSX\CODE\C\MSXgl\projects\exsoccer/out/exsoccer_s11_b2.rel
                                          [ exsoccer_s11_b2 ]
E:\Dropbox\FAUSTO\SVILUPPI\MSX\CODE\C\MSXgl\projects\exsoccer/out/exsoccer_s12_b2.rel
                                          [ exsoccer_s12_b2 ]
E:\Dropbox\FAUSTO\SVILUPPI\MSX\CODE\C\MSXgl\projects\exsoccer/out/exsoccer_s13_b2.rel
                                          [ exsoccer_s13_b2 ]
E:\Dropbox\FAUSTO\SVILUPPI\MSX\CODE\C\MSXgl\projects\exsoccer/out/exsoccer_s14_b2.rel
                                          [ exsoccer_s14_b2 ]
E:\Dropbox\FAUSTO\SVILUPPI\MSX\CODE\C\MSXgl\projects\exsoccer/out/exsoccer_s15_b2.rel
                                          [ exsoccer_s15_b2 ]
E:\Dropbox\FAUSTO\SVILUPPI\MSX\CODE\C\MSXgl\projects\exsoccer/out/exsoccer_s16_b2.rel
                                          [ exsoccer_s16_b2 ]
E:\Dropbox\FAUSTO\SVILUPPI\MSX\CODE\C\MSXgl\projects\exsoccer/out/exsoccer_s17_b2.rel
                                          [ exsoccer_s17_b2 ]
E:\Dropbox\FAUSTO\SVILUPPI\MSX\CODE\C\MSXgl\projects\exsoccer/out/exsoccer_s18_b2.rel
                                          [ exsoccer_s18_b2 ]
E:\Dropbox\FAUSTO\SVILUPPI\MSX\CODE\C\MSXgl\projects\exsoccer/out/exsoccer_s19_b2.rel
                                          [ exsoccer_s19_b2 ]


Libraries Linked                          [ object file ]

E:\Dropbox\FAUSTO\SVILUPPI\MSX\CODE\C\MSXgl\projects\exsoccer/out/msxgl.lib
                                          [ v9990.rel ]
E:\Dropbox\FAUSTO\SVILUPPI\MSX\CODE\C\MSXgl\tools/sdcc/lib/z80/z80.lib
                                          [ divunsigned.rel ]
E:\Dropbox\FAUSTO\SVILUPPI\MSX\CODE\C\MSXgl\projects\exsoccer/out/msxgl.lib
                                          [ vdp.rel ]
E:\Dropbox\FAUSTO\SVILUPPI\MSX\CODE\C\MSXgl\projects\exsoccer/out/msxgl.lib
                                          [ input.rel ]
E:\Dropbox\FAUSTO\SVILUPPI\MSX\CODE\C\MSXgl\tools/sdcc/lib/z80/z80.lib
                                          [ mul.rel ]
E:\Dropbox\FAUSTO\SVILUPPI\MSX\CODE\C\MSXgl\projects\exsoccer/out/msxgl.lib
                                          [ debug.rel ]
E:\Dropbox\FAUSTO\SVILUPPI\MSX\CODE\C\MSXgl\tools/sdcc/lib/z80/z80.lib
                                          [ _divslong.rel ]
E:\Dropbox\FAUSTO\SVILUPPI\MSX\CODE\C\MSXgl\tools/sdcc/lib/z80/z80.lib
                                          [ _divulong.rel ]
E:\Dropbox\FAUSTO\SVILUPPI\MSX\CODE\C\MSXgl\projects\exsoccer/out/msxgl.lib
                                          [ print.rel ]
E:\Dropbox\FAUSTO\SVILUPPI\MSX\CODE\C\MSXgl\tools/sdcc/lib/z80/z80.lib
                                          [ _mullong.rel ]
E:\Dropbox\FAUSTO\SVILUPPI\MSX\CODE\C\MSXgl\tools/sdcc/lib/z80/z80.lib
                                          [ modsigned.rel ]
E:\Dropbox\FAUSTO\SVILUPPI\MSX\CODE\C\MSXgl\tools/sdcc/lib/z80/z80.lib
                                          [ __mulsint2slong.rel ]
E:\Dropbox\FAUSTO\SVILUPPI\MSX\CODE\C\MSXgl\tools/sdcc/lib/z80/z80.lib
                                          [ modunsigned.rel ]
E:\Dropbox\FAUSTO\SVILUPPI\MSX\CODE\C\MSXgl\tools/sdcc/lib/z80/z80.lib
                                          [ divsigned.rel ]
E:\Dropbox\FAUSTO\SVILUPPI\MSX\CODE\C\MSXgl\tools/sdcc/lib/z80/z80.lib
                                          [ __sdcc_call_hl.rel ]

ASxxxx Linker V03.00 + NoICE + sdld,  page 38.

User Base Address Definitions

_CODE = 0x4000
_DATA = 0xc000
_SEG1=0x00018000
_SEG2=0x00020100
_SEG3=0x00038000
_SEG4=0x00048000
_SEG5=0x00058000
_SEG6=0x00068000
_SEG7=0x00078000
_SEG8=0x00088000
_SEG9=0x00098000
_SEG10=0x000A8000
_SEG11=0x000B8000
_SEG12=0x000C8000
_SEG13=0x000D8000
_SEG14=0x000E8000
_SEG15=0x000F8000
_SEG16=0x00108000
_SEG17=0x00118000
_SEG18=0x00128000
_SEG19=0x00138000

